Microchip MPLAB XC8 Compiler V1.43 ()

Linker command line:

-W-3 --edf=C:\Program Files (x86)\Microchip\xc8\v1.43\dat\en_msgs.txt -cs \
  -h+dist/default/production\example1.X.production.sym \
  --cmf=dist/default/production\example1.X.production.cmf -z -Q18F25K22 \
  -oC:\Users\Phu\AppData\Local\Temp\snec.2 \
  -Mdist/default/production/example1.X.production.map -E1 -ver=XC8 \
  -ASTACK=0C8h-05ffh -pstack=STACK -ACODE=00h-07FFFh -ACONST=00h-07FFFh \
  -ASMALLCONST=0600h-06FFhx122 -AMEDIUMCONST=0600h-07FFFh -ACOMRAM=01h-05Fh \
  -AABS1=00h-05FFh -ABIGRAM=01h-05FFh -ARAM=060h-0FFh,0100h-01FFhx5 \
  -ABANK0=060h-0FFh -ABANK1=0100h-01FFh -ABANK2=0200h-02FFh \
  -ABANK3=0300h-03FFh -ABANK4=0400h-04FFh -ABANK5=0500h-05FFh \
  -ASFR=0F38h-0F5Fh,0F60h-0FFFh \
  -preset_vec=00h,intcode=08h,intcodelo,powerup,init -pramtop=0600h \
  -psmallconst=SMALLCONST -pmediumconst=MEDIUMCONST -pconst=CONST \
  -AFARRAM=00h-00h -ACONFIG=0300000h-030000Dh -pconfig=CONFIG \
  -AIDLOC=0200000h-0200007h -pidloc=IDLOC -AEEDATA=0F00000h-0F000FFh \
  -peeprom_data=EEDATA \
  -prdata=COMRAM,nvrram=COMRAM,nvbit=COMRAM,rbss=COMRAM,rbit=COMRAM \
  -pfarbss=FARRAM,fardata=FARRAM,nvFARRAM=FARRAM \
  -pintsave_regs=BIGRAM,bigbss=BIGRAM,bigdata=BIGRAM -pbss=RAM \
  -pidata=CODE,irdata=CODE,ibigdata=CODE,ifardata=CODE -prparam=COMRAM \
  C:\Users\Phu\AppData\Local\Temp\snec.obj \
  dist/default/production\example1.X.production.obj 

Object code version is 3.11

Machine type is 18F25K22

Call graph: (short form)




                Name                               Link     Load   Length Selector   Space Scale
C:\Users\Phu\AppData\Local\Temp\snec.obj
                init                                 BA       BA        4        4       0
                reset_vec                             0        0        4        0       0
                idloc                            200000   200000        8   200000       0
                config                           300000   300000        E   300000       0
dist/default/production\example1.X.production.obj
                intcode                               8        8       B2        4       0
                temp                                 4C       4C        1        1       1
                smallconst                          600      600       A2      300       0
                text43                             3002     3002       2C      351       0
                text42                             2FA8     2FA8       2E      351       0
                text40                             2F44     2F44       34      351       0
                text39                             311C     311C        4      351       0
                text38                             3104     3104        E      351       0
                text37                             2FD6     2FD6       2C      351       0
                text36                             30F2     30F2       12      351       0
                text35                             29D4     29D4       AE      351       0
                text34                             1E12     1E12      1AC      351       0
                text33                             2804     2804      110      351       0
                text32                             1FBE     1FBE      15E      351       0
                text31                             309E     309E       24      351       0
                text30                             26F0     26F0      114      351       0
                text29                             2F10     2F10       34      351       0
                text28                             2A82     2A82       90      351       0
                text27                             307A     307A       24      351       0
                text26                             2E5E     2E5E       40      351       0
                text25                             211C     211C      144      351       0
                text24                             2B96     2B96       82      351       0
                text23                             2CF2     2CF2       66      351       0
                text22                             2DB8     2DB8       5C      351       0
                text21                             2392     2392      128      351       0
                text20                             2260     2260      132      351       0
                text19                             2B12     2B12       84      351       0
                text18                             2C18     2C18       70      351       0
                text17                             3054     3054       26      351       0
                text16                             1988     1988      26C      351       0
                text15                             30C2     30C2       1E      351       0
                text14                             2E9E     2E9E       3A      351       0
                text13                             3112     3112        A      351       0
                text12                             124A     124A      42E      351       0
                text11                              6A2      6A2      BA8      351       0
                text10                             2C88     2C88       6A      351       0
                text9                              1678     1678      310      351       0
                text8                              30E0     30E0       12      351       0
                text7                              2E14     2E14       4A      351       0
                text6                              2F78     2F78       30      351       0
                text5                              2D58     2D58       60      351       0
                text4                              25DC     25DC      114      351       0
                text3                              2914     2914       C0      351       0
                text2                              2ED8     2ED8       38      351       0
                text1                              24BA     24BA      122      351       0
                text0                              1BF4     1BF4      21E      351       0
                cstackCOMRAM                          1        1       38        1       1
                cstackBANK0                          60       60       55       60       1
                bssBANK0                             B5       B5       13       60       1
                bssCOMRAM                            39       39       12        1       1
                cinit                              302E     302E       26      351       0
                nvCOMRAM                             4B       4B        1        1       1

TOTAL           Name                               Link     Load   Length     Space
        CLASS   STACK          

        CLASS   CODE           
                intcode                               8        8       B2         0
                init                                 BA       BA        4         0
                reset_vec                             0        0        4         0
                text43                             3002     3002       2C         0
                text42                             2FA8     2FA8       2E         0
                text40                             2F44     2F44       34         0
                text39                             311C     311C        4         0
                text38                             3104     3104        E         0
                text37                             2FD6     2FD6       2C         0
                text36                             30F2     30F2       12         0
                text35                             29D4     29D4       AE         0
                text34                             1E12     1E12      1AC         0
                text33                             2804     2804      110         0
                text32                             1FBE     1FBE      15E         0
                text31                             309E     309E       24         0
                text30                             26F0     26F0      114         0
                text29                             2F10     2F10       34         0
                text28                             2A82     2A82       90         0
                text27                             307A     307A       24         0
                text26                             2E5E     2E5E       40         0
                text25                             211C     211C      144         0
                text24                             2B96     2B96       82         0
                text23                             2CF2     2CF2       66         0
                text22                             2DB8     2DB8       5C         0
                text21                             2392     2392      128         0
                text20                             2260     2260      132         0
                text19                             2B12     2B12       84         0
                text18                             2C18     2C18       70         0
                text17                             3054     3054       26         0
                text16                             1988     1988      26C         0
                text15                             30C2     30C2       1E         0
                text14                             2E9E     2E9E       3A         0
                text13                             3112     3112        A         0
                text12                             124A     124A      42E         0
                text11                              6A2      6A2      BA8         0
                text10                             2C88     2C88       6A         0
                text9                              1678     1678      310         0
                text8                              30E0     30E0       12         0
                text7                              2E14     2E14       4A         0
                text6                              2F78     2F78       30         0
                text5                              2D58     2D58       60         0
                text4                              25DC     25DC      114         0
                text3                              2914     2914       C0         0
                text2                              2ED8     2ED8       38         0
                text1                              24BA     24BA      122         0
                text0                              1BF4     1BF4      21E         0
                cinit                              302E     302E       26         0

        CLASS   CONST          

        CLASS   SMALLCONST     
                smallconst                          600      600       A2         0

        CLASS   MEDIUMCONST    

        CLASS   COMRAM         
                temp                                 4C       4C        1         1
                cstackCOMRAM                          1        1       38         1
                bssCOMRAM                            39       39       12         1
                nvCOMRAM                             4B       4B        1         1

        CLASS   ABS1           

        CLASS   BIGRAM         

        CLASS   RAM            

        CLASS   BANK0          
                cstackBANK0                          60       60       55         1
                bssBANK0                             B5       B5       13         1

        CLASS   BANK1          

        CLASS   BANK2          

        CLASS   BANK3          

        CLASS   BANK4          

        CLASS   BANK5          

        CLASS   SFR            

        CLASS   FARRAM         

        CLASS   CONFIG         
                config                           300000   300000        E         0

        CLASS   IDLOC          
                idloc                            200000   200000        8         0

        CLASS   EEDATA         



SEGMENTS        Name                           Load    Length   Top    Selector   Space  Class

                reset_vec                      000000  000004  000004         0       0  CODE    
                cstackCOMRAM                   000001  00004C  00004D         1       1  COMRAM  
                intcode                        000008  0000B6  0000BE         4       0  CODE    
                cstackBANK0                    000060  000068  0000C8        60       1  BANK0   
                smallconst                     000600  0000A2  0006A2       300       0  SMALLCON
                text11                         0006A2  002A7E  003120       351       0  CODE    
                idloc                          200000  000008  200008    200000       0  IDLOC   
                config                         300000  00000E  30000E    300000       0  CONFIG  


UNUSED ADDRESS RANGES

        Name                Unused          Largest block    Delta
        BANK0            0000C8-0000FF               38
        BANK1            000100-0001FF              100
        BANK2            000200-0002FF              100
        BANK3            000300-0003FF              100
        BANK4            000400-0004FF              100
        BANK5            000500-0005FF              100
        BIGRAM           00004D-00005F               13
                         0000C8-0005FF              538
        CODE             000004-000007                4
                         0000BE-0005FF              542
                         003120-007FFF             4EE0
        COMRAM           00004D-00005F               13
        CONST            000004-000007                4
                         0000BE-0005FF              542
                         003120-007FFF             4EE0
        EEDATA           F00000-F000FF              100
        MEDIUMCONST      003120-007FFF             4EE0
        RAM              0000C8-0005FF              100
        SFR              000F38-000FFF               28
        SMALLCONST       003120-007FFF              100
        STACK            0000C8-0005FF              538

                                  Symbol Table

?___awdiv                            cstackCOMRAM 000019
?___awmod                            cstackCOMRAM 000013
?___awtoft                           cstackCOMRAM 00001B
?___ftadd                            cstackCOMRAM 000027
?___ftdiv                            cstackCOMRAM 000033
?___ftmul                            cstackBANK0  000069
?___ftneg                            cstackCOMRAM 000013
?___ftpack                           cstackCOMRAM 000013
?___ftsub                            cstackCOMRAM 000033
?___fttol                            cstackBANK0  00007F
?___lldiv                            cstackCOMRAM 000013
?___llmod                            cstackCOMRAM 000020
?___lltoft                           cstackCOMRAM 00001B
?___lwtoft                           cstackCOMRAM 00001B
?___wmul                             cstackCOMRAM 000021
?__div_to_l_                         cstackCOMRAM 000013
?__tdiv_to_l_                        cstackCOMRAM 000013
?_carbonMeasurement                  cstackBANK0  000078
?_fround                             cstackBANK0  000078
?_master_read                        cstackCOMRAM 000014
?_printf                             cstackBANK0  00008E
?_retrive_data                       cstackCOMRAM 000018
?_salinityMeasurement                cstackBANK0  000078
?_scale                              cstackBANK0  000078
?_strcmp                             cstackCOMRAM 000013
?_temperatureMeasurementC            cstackBANK0  00008E
?_temperatureMeasurementF            cstackBANK0  00008E
EUSART2_Read@readValue               cstackCOMRAM 000013
EUSART2_Write@txData                 cstackCOMRAM 000013
_ANSELA                              (abs)        000F38
_ANSELB                              (abs)        000F39
_ANSELC                              (abs)        000F3A
_ANSELCbits                          (abs)        000F3A
_BAUDCON2                            (abs)        000F70
_CMD                                 bssCOMRAM    00003F
_EUSART2_Initialize                  text40       002F44
_EUSART2_Read                        text29       002F10
_EUSART2_Receive_ISR                 text43       003002
_EUSART2_Transmit_ISR                text42       002FA8
_EUSART2_Write                       text14       002E9E
_INTCON2bits                         (abs)        000FF1
_INTCON3bits                         (abs)        000FF0
_INTCONbits                          (abs)        000FF2
_INTERRUPT_Initialize                text39       00311C
_INTERRUPT_InterruptManager          intcode      000008
_LATA                                (abs)        000F89
_LATB                                (abs)        000F8A
_LATC                                (abs)        000F8B
_OSCCON                              (abs)        000FD3
_OSCCON2                             (abs)        000FD2
_OSCCONbits                          (abs)        000FD3
_OSCILLATOR_Initialize               text38       003104
_OSCTUNE                             (abs)        000F9B
_PIE3bits                            (abs)        000FA3
_PIN_MANAGER_Initialize              text37       002FD6
_PIR1bits                            (abs)        000F9E
_PIR3bits                            (abs)        000FA4
_RCONbits                            (abs)        000FD0
_RCREG2                              (abs)        000F74
_RCSTA2                              (abs)        000F71
_RCSTA2bits                          (abs)        000F71
_SPBRG2                              (abs)        000F75
_SPBRGH2                             (abs)        000F76
_SSP1ADD                             (abs)        000FC8
_SSP1BUF                             (abs)        000FC9
_SSP1CON1bits                        (abs)        000FC6
_SSP1CON2                            (abs)        000FC5
_SSP1CON2bits                        (abs)        000FC5
_SSP1STAT                            (abs)        000FC7
_SSPCON2                             (abs)        000FC5
_SSPSTAT                             (abs)        000FC7
_SYSTEM_Initialize                   text36       0030F2
_TRISA                               (abs)        000F92
_TRISB                               (abs)        000F93
_TRISC                               (abs)        000F94
_TRISCbits                           (abs)        000F94
_TXREG2                              (abs)        000F73
_TXSTA2                              (abs)        000F72
_WPUB                                (abs)        000F61
__CFG_BOREN$SBORDIS                  (abs)        000000
__CFG_BORV$190                       (abs)        000000
__CFG_CCP2MX$PORTC1                  (abs)        000000
__CFG_CCP3MX$PORTB5                  (abs)        000000
__CFG_CP0$OFF                        (abs)        000000
__CFG_CP1$OFF                        (abs)        000000
__CFG_CP2$OFF                        (abs)        000000
__CFG_CP3$OFF                        (abs)        000000
__CFG_CPB$OFF                        (abs)        000000
__CFG_CPD$OFF                        (abs)        000000
__CFG_DEBUG$OFF                      (abs)        000000
__CFG_EBTR0$OFF                      (abs)        000000
__CFG_EBTR1$OFF                      (abs)        000000
__CFG_EBTR2$OFF                      (abs)        000000
__CFG_EBTR3$OFF                      (abs)        000000
__CFG_EBTRB$OFF                      (abs)        000000
__CFG_FCMEN$OFF                      (abs)        000000
__CFG_FOSC$INTIO67                   (abs)        000000
__CFG_HFOFST$ON                      (abs)        000000
__CFG_IESO$OFF                       (abs)        000000
__CFG_LVP$ON                         (abs)        000000
__CFG_MCLRE$EXTMCLR                  (abs)        000000
__CFG_P2BMX$PORTB5                   (abs)        000000
__CFG_PBADEN$ON                      (abs)        000000
__CFG_PLLCFG$ON                      (abs)        000000
__CFG_PRICLKEN$ON                    (abs)        000000
__CFG_PWRTEN$OFF                     (abs)        000000
__CFG_STVREN$ON                      (abs)        000000
__CFG_T3CMX$PORTC0                   (abs)        000000
__CFG_WDTEN$OFF                      (abs)        000000
__CFG_WDTPS$32768                    (abs)        000000
__CFG_WRT0$OFF                       (abs)        000000
__CFG_WRT1$OFF                       (abs)        000000
__CFG_WRT2$OFF                       (abs)        000000
__CFG_WRT3$OFF                       (abs)        000000
__CFG_WRTB$OFF                       (abs)        000000
__CFG_WRTC$OFF                       (abs)        000000
__CFG_WRTD$OFF                       (abs)        000000
__CFG_XINST$OFF                      (abs)        000000
__HRAM                               (abs)        000000
__Habs1                              abs1         000000
__Hbank0                             bank0        000000
__Hbank1                             bank1        000000
__Hbank2                             bank2        000000
__Hbank3                             bank3        000000
__Hbank4                             bank4        000000
__Hbank5                             bank5        000000
__Hbigbss                            bigbss       000000
__Hbigdata                           bigdata      000000
__Hbigram                            bigram       000000
__Hbss                               bss          000000
__HbssBANK0                          bssBANK0     000000
__HbssCOMRAM                         bssCOMRAM    000000
__Hcinit                             cinit        000000
__Hclrtext                           clrtext      000000
__Hcomram                            comram       000000
__Hconfig                            config       30000E
__Hconst                             const        000000
__HcstackBANK0                       cstackBANK0  000000
__HcstackCOMRAM                      cstackCOMRAM 000000
__Hdata                              data         000000
__Heeprom_data                       eeprom_data  000000
__Hfarbss                            farbss       000000
__Hfardata                           fardata      000000
__Hibigdata                          ibigdata     000000
__Hidata                             idata        000000
__Hidloc                             idloc        200008
__Hifardata                          ifardata     000000
__Hinit                              init         0000BE
__Hintcode                           intcode      0000BA
__Hintcode_body                      intcode_body 000000
__Hintcodelo                         intcodelo    0000BA
__Hintentry                          intentry     000000
__Hintret                            intret       000000
__Hintsave_regs                      intsave_regs 000000
__Hirdata                            irdata       000000
__Hmediumconst                       mediumconst  000000
__HnvCOMRAM                          nvCOMRAM     000000
__HnvFARRAM                          nvFARRAM     000000
__Hnvbit                             nvbit        000000
__Hnvrram                            nvrram       000000
__Hparam                             rparam       000000
__Hpowerup                           powerup      0000BA
__Hram                               ram          000000
__Hramtop                            ramtop       000600
__Hrbit                              rbit         000000
__Hrbss                              rbss         000000
__Hrdata                             rdata        000000
__Hreset_vec                         reset_vec    000004
__Hrparam                            rparam       000000
__Hsfr                               sfr          000000
__Hsmallconst                        smallconst   0006A2
__Hspace_0                           (abs)        30000E
__Hspace_1                           (abs)        0000C8
__Hspace_2                           (abs)        000000
__Hstack                             stack        000000
__Hstruct                            struct       000000
__Htemp                              temp         00004D
__Htext                              text         000000
__Htext0                             text0        000000
__Htext1                             text1        000000
__Htext10                            text10       000000
__Htext11                            text11       000000
__Htext12                            text12       000000
__Htext13                            text13       000000
__Htext14                            text14       000000
__Htext15                            text15       000000
__Htext16                            text16       000000
__Htext17                            text17       000000
__Htext18                            text18       000000
__Htext19                            text19       000000
__Htext2                             text2        000000
__Htext20                            text20       000000
__Htext21                            text21       000000
__Htext22                            text22       000000
__Htext23                            text23       000000
__Htext24                            text24       000000
__Htext25                            text25       000000
__Htext26                            text26       000000
__Htext27                            text27       000000
__Htext28                            text28       000000
__Htext29                            text29       000000
__Htext3                             text3        000000
__Htext30                            text30       000000
__Htext31                            text31       000000
__Htext32                            text32       000000
__Htext33                            text33       000000
__Htext34                            text34       000000
__Htext35                            text35       000000
__Htext36                            text36       000000
__Htext37                            text37       000000
__Htext38                            text38       000000
__Htext39                            text39       000000
__Htext4                             text4        000000
__Htext40                            text40       000000
__Htext42                            text42       000000
__Htext43                            text43       000000
__Htext5                             text5        000000
__Htext6                             text6        000000
__Htext7                             text7        000000
__Htext8                             text8        000000
__Htext9                             text9        000000
__LRAM                               (abs)        000001
__Labs1                              abs1         000000
__Lbank0                             bank0        000000
__Lbank1                             bank1        000000
__Lbank2                             bank2        000000
__Lbank3                             bank3        000000
__Lbank4                             bank4        000000
__Lbank5                             bank5        000000
__Lbigbss                            bigbss       000000
__Lbigdata                           bigdata      000000
__Lbigram                            bigram       000000
__Lbss                               bss          000000
__LbssBANK0                          bssBANK0     000000
__LbssCOMRAM                         bssCOMRAM    000000
__Lcinit                             cinit        000000
__Lclrtext                           clrtext      000000
__Lcomram                            comram       000000
__Lconfig                            config       300000
__Lconst                             const        000000
__LcstackBANK0                       cstackBANK0  000000
__LcstackCOMRAM                      cstackCOMRAM 000000
__Ldata                              data         000000
__Leeprom_data                       eeprom_data  000000
__Lfarbss                            farbss       000000
__Lfardata                           fardata      000000
__Libigdata                          ibigdata     000000
__Lidata                             idata        000000
__Lidloc                             idloc        200000
__Lifardata                          ifardata     000000
__Linit                              init         0000BA
__Lintcode                           intcode      000008
__Lintcode_body                      intcode_body 000000
__Lintcodelo                         intcodelo    0000BA
__Lintentry                          intentry     000000
__Lintret                            intret       000000
__Lintsave_regs                      intsave_regs 000000
__Lirdata                            irdata       000000
__Lmediumconst                       mediumconst  000000
__LnvCOMRAM                          nvCOMRAM     000000
__LnvFARRAM                          nvFARRAM     000000
__Lnvbit                             nvbit        000000
__Lnvrram                            nvrram       000000
__Lparam                             rparam       000000
__Lpowerup                           powerup      0000BA
__Lram                               ram          000000
__Lramtop                            ramtop       000600
__Lrbit                              rbit         000000
__Lrbss                              rbss         000000
__Lrdata                             rdata        000000
__Lreset_vec                         reset_vec    000000
__Lrparam                            rparam       000000
__Lsfr                               sfr          000000
__Lsmallconst                        smallconst   000600
__Lspace_0                           (abs)        000000
__Lspace_1                           (abs)        000000
__Lspace_2                           (abs)        000000
__Lstack                             stack        000000
__Lstruct                            struct       000000
__Ltemp                              temp         00004C
__Ltext                              text         000000
__Ltext0                             text0        000000
__Ltext1                             text1        000000
__Ltext10                            text10       000000
__Ltext11                            text11       000000
__Ltext12                            text12       000000
__Ltext13                            text13       000000
__Ltext14                            text14       000000
__Ltext15                            text15       000000
__Ltext16                            text16       000000
__Ltext17                            text17       000000
__Ltext18                            text18       000000
__Ltext19                            text19       000000
__Ltext2                             text2        000000
__Ltext20                            text20       000000
__Ltext21                            text21       000000
__Ltext22                            text22       000000
__Ltext23                            text23       000000
__Ltext24                            text24       000000
__Ltext25                            text25       000000
__Ltext26                            text26       000000
__Ltext27                            text27       000000
__Ltext28                            text28       000000
__Ltext29                            text29       000000
__Ltext3                             text3        000000
__Ltext30                            text30       000000
__Ltext31                            text31       000000
__Ltext32                            text32       000000
__Ltext33                            text33       000000
__Ltext34                            text34       000000
__Ltext35                            text35       000000
__Ltext36                            text36       000000
__Ltext37                            text37       000000
__Ltext38                            text38       000000
__Ltext39                            text39       000000
__Ltext4                             text4        000000
__Ltext40                            text40       000000
__Ltext42                            text42       000000
__Ltext43                            text43       000000
__Ltext5                             text5        000000
__Ltext6                             text6        000000
__Ltext7                             text7        000000
__Ltext8                             text8        000000
__Ltext9                             text9        000000
__S0                                 (abs)        30000E
__S1                                 (abs)        0000C8
__S2                                 (abs)        000000
___awdiv                             text19       002B12
___awdiv@counter                     cstackCOMRAM 00001D
___awdiv@dividend                    cstackCOMRAM 000019
___awdiv@divisor                     cstackCOMRAM 00001B
___awdiv@quotient                    cstackCOMRAM 00001F
___awdiv@sign                        cstackCOMRAM 00001E
___awmod                             text18       002C18
___awmod@counter                     cstackCOMRAM 000017
___awmod@dividend                    cstackCOMRAM 000013
___awmod@divisor                     cstackCOMRAM 000015
___awmod@sign                        cstackCOMRAM 000018
___awtoft                            text2        002ED8
___awtoft@c                          cstackCOMRAM 00001B
___awtoft@sign                       cstackCOMRAM 00001E
___ftadd                             text34       001E12
___ftadd@exp1                        cstackCOMRAM 000032
___ftadd@exp2                        cstackCOMRAM 000031
___ftadd@f1                          cstackCOMRAM 000027
___ftadd@f2                          cstackCOMRAM 00002A
___ftadd@sign                        cstackCOMRAM 000030
___ftdiv                             text33       002804
___ftdiv@cntr                        cstackBANK0  000063
___ftdiv@exp                         cstackBANK0  000067
___ftdiv@f1                          cstackCOMRAM 000033
___ftdiv@f2                          cstackCOMRAM 000036
___ftdiv@f3                          cstackBANK0  000064
___ftdiv@sign                        cstackBANK0  000068
___ftge                              text28       002A82
___ftge@ff1                          cstackCOMRAM 000013
___ftge@ff2                          cstackCOMRAM 000016
___ftmul                             text32       001FBE
___ftmul@cntr                        cstackBANK0  000076
___ftmul@exp                         cstackBANK0  000072
___ftmul@f1                          cstackBANK0  000069
___ftmul@f2                          cstackBANK0  00006C
___ftmul@f3_as_product               cstackBANK0  000073
___ftmul@sign                        cstackBANK0  000077
___ftneg                             text27       00307A
___ftneg@f1                          cstackCOMRAM 000013
___ftpack                            text35       0029D4
___ftpack@arg                        cstackCOMRAM 000013
___ftpack@exp                        cstackCOMRAM 000016
___ftpack@sign                       cstackCOMRAM 000017
___ftsub                             text26       002E5E
___ftsub@f1                          cstackCOMRAM 000033
___ftsub@f2                          cstackCOMRAM 000036
___fttol                             text25       00211C
___fttol@exp1                        cstackBANK0  00008D
___fttol@f1                          cstackBANK0  00007F
___fttol@lval                        cstackBANK0  000089
___fttol@sign1                       cstackBANK0  000088
___inthi_sp                          stack        000000
___intlo_sp                          stack        000000
___lldiv                             text24       002B96
___lldiv@counter                     cstackCOMRAM 00001F
___lldiv@dividend                    cstackCOMRAM 000013
___lldiv@divisor                     cstackCOMRAM 000017
___lldiv@quotient                    cstackCOMRAM 00001B
___llmod                             text23       002CF2
___llmod@counter                     cstackCOMRAM 000028
___llmod@dividend                    cstackCOMRAM 000020
___llmod@divisor                     cstackCOMRAM 000024
___lltoft                            text22       002DB8
___lltoft@c                          cstackCOMRAM 00001B
___lltoft@exp                        cstackCOMRAM 000023
___lwtoft                            text31       00309E
___lwtoft@c                          cstackCOMRAM 00001B
___param_bank                        (abs)        000000
___rparam_used                       (abs)        000001
___sp                                stack        000000
___wmul                              text17       003054
___wmul@multiplicand                 cstackCOMRAM 000023
___wmul@multiplier                   cstackCOMRAM 000021
___wmul@product                      cstackCOMRAM 000025
__accesstop                          (abs)        000060
__activetblptr                       (abs)        000002
__div_to_l_                          text21       002392
__div_to_l_@cntr                     cstackCOMRAM 00001D
__div_to_l_@exp1                     cstackCOMRAM 00001E
__div_to_l_@f1                       cstackCOMRAM 000013
__div_to_l_@f2                       cstackCOMRAM 000016
__div_to_l_@quot                     cstackCOMRAM 000019
__end_of_EUSART2_Initialize          text40       002F78
__end_of_EUSART2_Read                text29       002F44
__end_of_EUSART2_Receive_ISR         text43       00302E
__end_of_EUSART2_Transmit_ISR        text42       002FD6
__end_of_EUSART2_Write               text14       002ED8
__end_of_INTERRUPT_Initialize        text39       003120
__end_of_INTERRUPT_InterruptManager  intcode      0000BA
__end_of_OSCILLATOR_Initialize       text38       003112
__end_of_PIN_MANAGER_Initialize      text37       003002
__end_of_SYSTEM_Initialize           text36       003104
__end_of___awdiv                     text19       002B96
__end_of___awmod                     text18       002C88
__end_of___awtoft                    text2        002F10
__end_of___ftadd                     text34       001FBE
__end_of___ftdiv                     text33       002914
__end_of___ftge                      text28       002B12
__end_of___ftmul                     text32       00211C
__end_of___ftneg                     text27       00309E
__end_of___ftpack                    text35       002A82
__end_of___ftsub                     text26       002E9E
__end_of___fttol                     text25       002260
__end_of___lldiv                     text24       002C18
__end_of___llmod                     text23       002D58
__end_of___lltoft                    text22       002E14
__end_of___lwtoft                    text31       0030C2
__end_of___wmul                      text17       00307A
__end_of__div_to_l_                  text21       0024BA
__end_of__initialization             cinit        003046
__end_of__npowers_                   smallconst   000677
__end_of__powers_                    smallconst   000650
__end_of__tdiv_to_l_                 text20       002392
__end_of_carbonMeasurement           text30       002804
__end_of_checkValue                  text9        001988
__end_of_dpowers                     smallconst   000629
__end_of_fround                      text16       001BF4
__end_of_isdigit                     text15       0030E0
__end_of_main                        text0        001E12
__end_of_master_read                 text7        002E5E
__end_of_master_wait                 text8        0030F2
__end_of_master_write                text6        002FA8
__end_of_printf                      text11       00124A
__end_of_putch                       text13       00311C
__end_of_retrive_data                text5        002DB8
__end_of_salinityMeasurement         text4        0026F0
__end_of_scale                       text12       001678
__end_of_strcmp                      text10       002CF2
__end_of_temperatureMeasurementC     text3        0029D4
__end_of_temperatureMeasurementF     text1        0025DC
__initialization                     cinit        00302E
__mediumconst                        mediumconst  000000
__npowers_                           smallconst   000650
__pbssBANK0                          bssBANK0     0000B5
__pbssCOMRAM                         bssCOMRAM    000039
__pcinit                             cinit        00302E
__pcstackBANK0                       cstackBANK0  000060
__pcstackCOMRAM                      cstackCOMRAM 000001
__pintcode                           intcode      000008
__pnvCOMRAM                          nvCOMRAM     00004B
__powers_                            smallconst   000629
__psmallconst                        smallconst   000600
__ptext0                             text0        001BF4
__ptext1                             text1        0024BA
__ptext10                            text10       002C88
__ptext11                            text11       0006A2
__ptext12                            text12       00124A
__ptext13                            text13       003112
__ptext14                            text14       002E9E
__ptext15                            text15       0030C2
__ptext16                            text16       001988
__ptext17                            text17       003054
__ptext18                            text18       002C18
__ptext19                            text19       002B12
__ptext2                             text2        002ED8
__ptext20                            text20       002260
__ptext21                            text21       002392
__ptext22                            text22       002DB8
__ptext23                            text23       002CF2
__ptext24                            text24       002B96
__ptext25                            text25       00211C
__ptext26                            text26       002E5E
__ptext27                            text27       00307A
__ptext28                            text28       002A82
__ptext29                            text29       002F10
__ptext3                             text3        002914
__ptext30                            text30       0026F0
__ptext31                            text31       00309E
__ptext32                            text32       001FBE
__ptext33                            text33       002804
__ptext34                            text34       001E12
__ptext35                            text35       0029D4
__ptext36                            text36       0030F2
__ptext37                            text37       002FD6
__ptext38                            text38       003104
__ptext39                            text39       00311C
__ptext4                             text4        0025DC
__ptext40                            text40       002F44
__ptext42                            text42       002FA8
__ptext43                            text43       003002
__ptext5                             text5        002D58
__ptext6                             text6        002F78
__ptext7                             text7        002E14
__ptext8                             text8        0030E0
__ptext9                             text9        001678
__ramtop                             ramtop       000600
__size_of_EUSART2_Initialize         (abs)        000000
__size_of_EUSART2_Read               (abs)        000000
__size_of_EUSART2_Receive_ISR        (abs)        000000
__size_of_EUSART2_Transmit_ISR       (abs)        000000
__size_of_EUSART2_Write              (abs)        000000
__size_of_INTERRUPT_Initialize       (abs)        000000
__size_of_INTERRUPT_InterruptManager (abs)        000000
__size_of_OSCILLATOR_Initialize      (abs)        000000
__size_of_PIN_MANAGER_Initialize     (abs)        000000
__size_of_SYSTEM_Initialize          (abs)        000000
__size_of___awdiv                    (abs)        000000
__size_of___awmod                    (abs)        000000
__size_of___awtoft                   (abs)        000000
__size_of___ftadd                    (abs)        000000
__size_of___ftdiv                    (abs)        000000
__size_of___ftge                     (abs)        000000
__size_of___ftmul                    (abs)        000000
__size_of___ftneg                    (abs)        000000
__size_of___ftpack                   (abs)        000000
__size_of___ftsub                    (abs)        000000
__size_of___fttol                    (abs)        000000
__size_of___lldiv                    (abs)        000000
__size_of___llmod                    (abs)        000000
__size_of___lltoft                   (abs)        000000
__size_of___lwtoft                   (abs)        000000
__size_of___wmul                     (abs)        000000
__size_of__div_to_l_                 (abs)        000000
__size_of__tdiv_to_l_                (abs)        000000
__size_of_carbonMeasurement          (abs)        000000
__size_of_checkValue                 (abs)        000000
__size_of_fround                     (abs)        000000
__size_of_isdigit                    (abs)        000000
__size_of_main                       (abs)        000000
__size_of_master_read                (abs)        000000
__size_of_master_wait                (abs)        000000
__size_of_master_write               (abs)        000000
__size_of_printf                     (abs)        000000
__size_of_putch                      (abs)        000000
__size_of_retrive_data               (abs)        000000
__size_of_salinityMeasurement        (abs)        000000
__size_of_scale                      (abs)        000000
__size_of_strcmp                     (abs)        000000
__size_of_temperatureMeasurementC    (abs)        000000
__size_of_temperatureMeasurementF    (abs)        000000
__smallconst                         smallconst   000600
__tdiv_to_l_                         text20       002260
__tdiv_to_l_@cntr                    cstackCOMRAM 000020
__tdiv_to_l_@exp1                    cstackCOMRAM 000021
__tdiv_to_l_@f1                      cstackCOMRAM 000013
__tdiv_to_l_@f2                      cstackCOMRAM 000016
__tdiv_to_l_@quot                    cstackCOMRAM 00001C
_carbonMeasurement                   text30       0026F0
_ch                                  bssCOMRAM    000041
_checkValue                          text9        001678
_dSlave                              bssCOMRAM    000043
_data                                bssCOMRAM    00003D
_dpowers                             smallconst   000601
_eusart2RxBuffer                     bssBANK0     0000B5
_eusart2RxCount                      bssCOMRAM    000046
_eusart2RxHead                       bssCOMRAM    000048
_eusart2RxTail                       bssCOMRAM    000047
_eusart2TxBuffer                     bssBANK0     0000BD
_eusart2TxBufferRemaining            nvCOMRAM     00004B
_eusart2TxHead                       bssCOMRAM    00004A
_eusart2TxTail                       bssCOMRAM    000049
_fround                              text16       001988
_fround$1573                         cstackBANK0  00007E
_fround$1574                         cstackBANK0  00007B
_isdigit                             text15       0030C2
_isdigit$1199                        cstackCOMRAM 000014
_main                                text0        001BF4
_master_read                         text7        002E14
_master_wait                         text8        0030E0
_master_write                        text6        002F78
_part1                               bssCOMRAM    00003B
_part2                               bssCOMRAM    000039
_printf                              text11       0006A2
_printf$1576                         cstackBANK0  000099
_putch                               text13       003112
_retrive_data                        text5        002D58
_salinityMeasurement                 text4        0025DC
_scale                               text12       00124A
_scale$1575                          cstackBANK0  00007B
_strcmp                              text10       002C88
_temp                                bssCOMRAM    000045
_temperatureMeasurementC             text3        002914
_temperatureMeasurementF             text1        0024BA
_value                               bssBANK0     0000C5
btemp                                temp         00004C
carbonMeasurement@Vin                cstackBANK0  00007E
carbonMeasurement@carbon             cstackBANK0  00007B
carbonMeasurement@x                  cstackBANK0  000078
end_of_initialization                cinit        003046
fround@prec                          cstackBANK0  000081
int$flags                            temp         00004C
intlevel0                            text         000000
intlevel1                            text         000000
intlevel2                            text         000000
intlevel3                            text         000000
isdigit@c                            cstackCOMRAM 000015
master_read@addr                     cstackCOMRAM 000014
master_read@x                        cstackCOMRAM 000016
master_write@addr                    cstackCOMRAM 000014
master_write@data                    cstackCOMRAM 000016
printf@ap                            cstackBANK0  00009C
printf@c                             cstackBANK0  0000B1
printf@exp                           cstackBANK0  0000A6
printf@f                             cstackBANK0  00008E
printf@flag                          cstackBANK0  0000A8
printf@fval                          cstackBANK0  0000AC
printf@prec                          cstackBANK0  0000AF
printf@tmpval                        cstackBANK0  00009E
printf@val                           cstackBANK0  0000A2
printf@width                         cstackBANK0  0000AA
putch@txData                         cstackCOMRAM 000014
retrive_data@command                 cstackCOMRAM 000018
salinityMeasurement@Vin              cstackBANK0  00007E
salinityMeasurement@salinity         cstackBANK0  00007B
salinityMeasurement@x                cstackBANK0  000078
scale@scl                            cstackBANK0  00007E
stackhi                              (abs)        0005FF
stacklo                              (abs)        0000C8
start                                init         0000BA
start_initialization                 cinit        00302E
strcmp@r                             cstackCOMRAM 00001A
strcmp@s1                            cstackCOMRAM 000013
strcmp@s2                            cstackCOMRAM 000016
temperatureMeasurementC@Vin          cstackBANK0  000091
temperatureMeasurementC@temp         cstackBANK0  000094
temperatureMeasurementC@x            cstackBANK0  00008E
temperatureMeasurementF@F            cstackBANK0  000096
temperatureMeasurementF@Vin          cstackBANK0  000091
temperatureMeasurementF@temp         cstackBANK0  000094
temperatureMeasurementF@x            cstackBANK0  00008E
wtemp6                               temp         00004D


FUNCTION INFORMATION:

 *************** function _main *****************
 Defined at:
		line 238 in file "main.c"
 Parameters:    Size  Location     Type
		None
 Auto vars:     Size  Location     Type
		None
 Return value:  Size  Location     Type
                  1    wreg      void 
 Registers used:
		wreg, fsr2l, fsr2h, status,2, status,0, tblptrl, tblptrh, tblptru, prodl, prodh, cstack
 Tracked objects:
		On entry : 
		On exit  : 
		Unchanged: 
 Data sizes:     COMRAM   BANK0   BANK1   BANK2   BANK3   BANK4   BANK5
      Params:         0       0       0       0       0       0       0
      Locals:         0       0       0       0       0       0       0
      Temps:          0       0       0       0       0       0       0
      Totals:         0       0       0       0       0       0       0
Total ram usage:        0 bytes
 Hardware stack levels required when called:    7
 This function calls:
		_SYSTEM_Initialize
		_carbonMeasurement
		_checkValue
		_master_write
		_printf
		_retrive_data
		_salinityMeasurement
		_temperatureMeasurementC
		_temperatureMeasurementF
 This function is called by:
		Startup code after reset
 This function uses a non-reentrant model


 *************** function _temperatureMeasurementF *****************
 Defined at:
		line 195 in file "main.c"
 Parameters:    Size  Location     Type
  x               2   46[BANK0 ] unsigned int 
 Auto vars:     Size  Location     Type
  Vin             3   49[BANK0 ] float 
  F               2   54[BANK0 ] unsigned int 
  temp            2   52[BANK0 ] int 
 Return value:  Size  Location     Type
                  3   46[BANK0 ] float 
 Registers used:
		wreg, status,2, status,0, cstack
 Tracked objects:
		On entry : 
		On exit  : 
		Unchanged: 
 Data sizes:     COMRAM   BANK0   BANK1   BANK2   BANK3   BANK4   BANK5
      Params:         0       3       0       0       0       0       0
      Locals:         0       7       0       0       0       0       0
      Temps:          0       0       0       0       0       0       0
      Totals:         0      10       0       0       0       0       0
Total ram usage:       10 bytes
 Hardware stack levels used:    1
 Hardware stack levels required when called:    4
 This function calls:
		___awtoft
		___ftadd
		___ftdiv
		___ftmul
		___fttol
		___lwtoft
 This function is called by:
		_main
 This function uses a non-reentrant model


 *************** function ___awtoft *****************
 Defined at:
		line 32 in file "C:\Program Files (x86)\Microchip\xc8\v1.43\sources\common\awtoft.c"
 Parameters:    Size  Location     Type
  c               2   26[COMRAM] int 
 Auto vars:     Size  Location     Type
  sign            1   29[COMRAM] unsigned char 
 Return value:  Size  Location     Type
                  3   26[COMRAM] float 
 Registers used:
		wreg, status,2, status,0, cstack
 Tracked objects:
		On entry : 
		On exit  : 
		Unchanged: 
 Data sizes:     COMRAM   BANK0   BANK1   BANK2   BANK3   BANK4   BANK5
      Params:         3       0       0       0       0       0       0
      Locals:         1       0       0       0       0       0       0
      Temps:          0       0       0       0       0       0       0
      Totals:         4       0       0       0       0       0       0
Total ram usage:        4 bytes
 Hardware stack levels used:    1
 Hardware stack levels required when called:    3
 This function calls:
		___ftpack
 This function is called by:
		_temperatureMeasurementF
 This function uses a non-reentrant model


 *************** function _temperatureMeasurementC *****************
 Defined at:
		line 188 in file "main.c"
 Parameters:    Size  Location     Type
  x               2   46[BANK0 ] unsigned int 
 Auto vars:     Size  Location     Type
  Vin             3   49[BANK0 ] float 
  temp            2   52[BANK0 ] unsigned int 
 Return value:  Size  Location     Type
                  3   46[BANK0 ] float 
 Registers used:
		wreg, status,2, status,0, cstack
 Tracked objects:
		On entry : 
		On exit  : 
		Unchanged: 
 Data sizes:     COMRAM   BANK0   BANK1   BANK2   BANK3   BANK4   BANK5
      Params:         0       3       0       0       0       0       0
      Locals:         0       5       0       0       0       0       0
      Temps:          0       0       0       0       0       0       0
      Totals:         0       8       0       0       0       0       0
Total ram usage:        8 bytes
 Hardware stack levels used:    1
 Hardware stack levels required when called:    4
 This function calls:
		___ftadd
		___ftdiv
		___ftmul
		___fttol
		___lwtoft
 This function is called by:
		_main
 This function uses a non-reentrant model


 *************** function _salinityMeasurement *****************
 Defined at:
		line 211 in file "main.c"
 Parameters:    Size  Location     Type
  x               2   24[BANK0 ] unsigned int 
 Auto vars:     Size  Location     Type
  Vin             3   30[BANK0 ] float 
  salinity        3   27[BANK0 ] float 
 Return value:  Size  Location     Type
                  3   24[BANK0 ] float 
 Registers used:
		wreg, status,2, status,0, cstack
 Tracked objects:
		On entry : 
		On exit  : 
		Unchanged: 
 Data sizes:     COMRAM   BANK0   BANK1   BANK2   BANK3   BANK4   BANK5
      Params:         0       3       0       0       0       0       0
      Locals:         0       6       0       0       0       0       0
      Temps:          0       0       0       0       0       0       0
      Totals:         0       9       0       0       0       0       0
Total ram usage:        9 bytes
 Hardware stack levels used:    1
 Hardware stack levels required when called:    4
 This function calls:
		___ftadd
		___ftdiv
		___ftmul
		___lwtoft
 This function is called by:
		_main
 This function uses a non-reentrant model


 *************** function _retrive_data *****************
 Defined at:
		line 231 in file "main.c"
 Parameters:    Size  Location     Type
  command         2   23[COMRAM] unsigned int 
 Auto vars:     Size  Location     Type
		None
 Return value:  Size  Location     Type
                  2   23[COMRAM] unsigned int 
 Registers used:
		wreg, status,2, status,0, cstack
 Tracked objects:
		On entry : 
		On exit  : 
		Unchanged: 
 Data sizes:     COMRAM   BANK0   BANK1   BANK2   BANK3   BANK4   BANK5
      Params:         2       0       0       0       0       0       0
      Locals:         0       0       0       0       0       0       0
      Temps:          2       0       0       0       0       0       0
      Totals:         4       0       0       0       0       0       0
Total ram usage:        4 bytes
 Hardware stack levels used:    1
 Hardware stack levels required when called:    4
 This function calls:
		_master_read
		_master_write
 This function is called by:
		_main
 This function uses a non-reentrant model


 *************** function _master_write *****************
 Defined at:
		line 70 in file "main.c"
 Parameters:    Size  Location     Type
  addr            2   19[COMRAM] unsigned short 
  data            2   21[COMRAM] unsigned short 
 Auto vars:     Size  Location     Type
		None
 Return value:  Size  Location     Type
                  1    wreg      void 
 Registers used:
		wreg, status,2, status,0, cstack
 Tracked objects:
		On entry : 
		On exit  : 
		Unchanged: 
 Data sizes:     COMRAM   BANK0   BANK1   BANK2   BANK3   BANK4   BANK5
      Params:         4       0       0       0       0       0       0
      Locals:         0       0       0       0       0       0       0
      Temps:          0       0       0       0       0       0       0
      Totals:         4       0       0       0       0       0       0
Total ram usage:        4 bytes
 Hardware stack levels used:    1
 Hardware stack levels required when called:    3
 This function calls:
		_master_wait
 This function is called by:
		_retrive_data
		_main
 This function uses a non-reentrant model


 *************** function _master_read *****************
 Defined at:
		line 89 in file "main.c"
 Parameters:    Size  Location     Type
  addr            2   19[COMRAM] unsigned short 
 Auto vars:     Size  Location     Type
  x               2   21[COMRAM] unsigned short 
 Return value:  Size  Location     Type
                  2   19[COMRAM] unsigned short 
 Registers used:
		wreg, status,2, status,0, cstack
 Tracked objects:
		On entry : 
		On exit  : 
		Unchanged: 
 Data sizes:     COMRAM   BANK0   BANK1   BANK2   BANK3   BANK4   BANK5
      Params:         2       0       0       0       0       0       0
      Locals:         2       0       0       0       0       0       0
      Temps:          0       0       0       0       0       0       0
      Totals:         4       0       0       0       0       0       0
Total ram usage:        4 bytes
 Hardware stack levels used:    1
 Hardware stack levels required when called:    3
 This function calls:
		_master_wait
 This function is called by:
		_retrive_data
 This function uses a non-reentrant model


 *************** function _master_wait *****************
 Defined at:
		line 67 in file "main.c"
 Parameters:    Size  Location     Type
		None
 Auto vars:     Size  Location     Type
		None
 Return value:  Size  Location     Type
                  1    wreg      void 
 Registers used:
		wreg, status,2, status,0
 Tracked objects:
		On entry : 
		On exit  : 
		Unchanged: 
 Data sizes:     COMRAM   BANK0   BANK1   BANK2   BANK3   BANK4   BANK5
      Params:         0       0       0       0       0       0       0
      Locals:         0       0       0       0       0       0       0
      Temps:          1       0       0       0       0       0       0
      Totals:         1       0       0       0       0       0       0
Total ram usage:        1 bytes
 Hardware stack levels used:    1
 Hardware stack levels required when called:    2
 This function calls:
		Nothing
 This function is called by:
		_master_write
		_master_read
 This function uses a non-reentrant model


 *************** function _checkValue *****************
 Defined at:
		line 114 in file "main.c"
 Parameters:    Size  Location     Type
		None
 Auto vars:     Size  Location     Type
		None
 Return value:  Size  Location     Type
                  1    wreg      void 
 Registers used:
		wreg, fsr2l, fsr2h, status,2, status,0, tblptrl, tblptrh, tblptru, prodl, prodh, cstack
 Tracked objects:
		On entry : 
		On exit  : 
		Unchanged: 
 Data sizes:     COMRAM   BANK0   BANK1   BANK2   BANK3   BANK4   BANK5
      Params:         0       0       0       0       0       0       0
      Locals:         0       0       0       0       0       0       0
      Temps:          0       3       0       0       0       0       0
      Totals:         0       3       0       0       0       0       0
Total ram usage:        3 bytes
 Hardware stack levels used:    1
 Hardware stack levels required when called:    6
 This function calls:
		_EUSART2_Read
		_EUSART2_Write
		_printf
		_strcmp
 This function is called by:
		_main
 This function uses a non-reentrant model


 *************** function _strcmp *****************
 Defined at:
		line 33 in file "C:\Program Files (x86)\Microchip\xc8\v1.43\sources\common\strcmp.c"
 Parameters:    Size  Location     Type
  s1              3   18[COMRAM] PTR const unsigned char 
		 -> ROM(32767), 
  s2              3   21[COMRAM] PTR const unsigned char 
		 -> ROM(32767), 
 Auto vars:     Size  Location     Type
  r               1   25[COMRAM] char 
 Return value:  Size  Location     Type
                  2   18[COMRAM] int 
 Registers used:
		wreg, status,2, status,0, tblptrl, tblptrh, tblptru
 Tracked objects:
		On entry : 
		On exit  : 
		Unchanged: 
 Data sizes:     COMRAM   BANK0   BANK1   BANK2   BANK3   BANK4   BANK5
      Params:         6       0       0       0       0       0       0
      Locals:         1       0       0       0       0       0       0
      Temps:          1       0       0       0       0       0       0
      Totals:         8       0       0       0       0       0       0
Total ram usage:        8 bytes
 Hardware stack levels used:    1
 Hardware stack levels required when called:    2
 This function calls:
		Nothing
 This function is called by:
		_checkValue
 This function uses a non-reentrant model


 *************** function _printf *****************
 Defined at:
		line 464 in file "C:\Program Files (x86)\Microchip\xc8\v1.43\sources\common\doprnt.c"
 Parameters:    Size  Location     Type
  f               2   46[BANK0 ] PTR const unsigned char 
		 -> STR_11(15), STR_10(16), STR_9(11), STR_8(11), 
		 -> STR_7(11), STR_6(11), STR_5(11), STR_4(11), 
		 -> STR_3(11), STR_2(11), STR_1(11), 
 Auto vars:     Size  Location     Type
  val             4   66[BANK0 ] unsigned long 
  tmpval          4   62[BANK0 ] struct .
  fval            3   76[BANK0 ] struct .
  cp              3    0        PTR const unsigned char 
  prec            2   79[BANK0 ] int 
  width           2   74[BANK0 ] int 
  flag            2   72[BANK0 ] unsigned short 
  exp             2   70[BANK0 ] int 
  ap              2   60[BANK0 ] PTR void [1]
		 -> ?_printf(2), 
  len             2    0        unsigned int 
  c               1   81[BANK0 ] char 
  d               1    0        unsigned char 
 Return value:  Size  Location     Type
                  2   46[BANK0 ] int 
 Registers used:
		wreg, fsr2l, fsr2h, status,2, status,0, tblptrl, tblptrh, tblptru, prodl, prodh, cstack
 Tracked objects:
		On entry : 
		On exit  : 
		Unchanged: 
 Data sizes:     COMRAM   BANK0   BANK1   BANK2   BANK3   BANK4   BANK5
      Params:         0       5       0       0       0       0       0
      Locals:         0      25       0       0       0       0       0
      Temps:          0       6       0       0       0       0       0
      Totals:         0      36       0       0       0       0       0
Total ram usage:       36 bytes
 Hardware stack levels used:    1
 Hardware stack levels required when called:    5
 This function calls:
		___awdiv
		___ftadd
		___ftge
		___ftmul
		___ftneg
		___ftsub
		___fttol
		___lldiv
		___llmod
		___lltoft
		___wmul
		__div_to_l_
		__tdiv_to_l_
		_fround
		_isdigit
		_putch
		_scale
 This function is called by:
		_checkValue
		_main
 This function uses a non-reentrant model


 *************** function _scale *****************
 Defined at:
		line 425 in file "C:\Program Files (x86)\Microchip\xc8\v1.43\sources\common\doprnt.c"
 Parameters:    Size  Location     Type
  scl             1    wreg     char 
 Auto vars:     Size  Location     Type
  scl             1   30[BANK0 ] char 
 Return value:  Size  Location     Type
                  3   24[BANK0 ] char 
 Registers used:
		wreg, status,2, status,0, tblptrl, tblptrh, tblptru, prodl, prodh, cstack
 Tracked objects:
		On entry : 
		On exit  : 
		Unchanged: 
 Data sizes:     COMRAM   BANK0   BANK1   BANK2   BANK3   BANK4   BANK5
      Params:         0       3       0       0       0       0       0
      Locals:         0       4       0       0       0       0       0
      Temps:          0       0       0       0       0       0       0
      Totals:         0       7       0       0       0       0       0
Total ram usage:        7 bytes
 Hardware stack levels used:    1
 Hardware stack levels required when called:    4
 This function calls:
		___awdiv
		___awmod
		___ftmul
		___wmul
 This function is called by:
		_printf
 This function uses a non-reentrant model


 *************** function _putch *****************
 Defined at:
		line 160 in file "mcc_generated_files/eusart2.c"
 Parameters:    Size  Location     Type
  txData          1    wreg     unsigned char 
 Auto vars:     Size  Location     Type
  txData          1   19[COMRAM] unsigned char 
 Return value:  Size  Location     Type
                  1    wreg      void 
 Registers used:
		wreg, fsr2l, fsr2h, status,2, status,0, prodl, prodh, cstack
 Tracked objects:
		On entry : 
		On exit  : 
		Unchanged: 
 Data sizes:     COMRAM   BANK0   BANK1   BANK2   BANK3   BANK4   BANK5
      Params:         0       0       0       0       0       0       0
      Locals:         1       0       0       0       0       0       0
      Temps:          0       0       0       0       0       0       0
      Totals:         1       0       0       0       0       0       0
Total ram usage:        1 bytes
 Hardware stack levels used:    1
 Hardware stack levels required when called:    3
 This function calls:
		_EUSART2_Write
 This function is called by:
		_printf
 This function uses a non-reentrant model


 *************** function _EUSART2_Write *****************
 Defined at:
		line 132 in file "mcc_generated_files/eusart2.c"
 Parameters:    Size  Location     Type
  txData          1    wreg     unsigned char 
 Auto vars:     Size  Location     Type
  txData          1   18[COMRAM] unsigned char 
 Return value:  Size  Location     Type
                  1    wreg      void 
 Registers used:
		wreg, fsr2l, fsr2h, status,2, status,0, prodl, prodh
 Tracked objects:
		On entry : 
		On exit  : 
		Unchanged: 
 Data sizes:     COMRAM   BANK0   BANK1   BANK2   BANK3   BANK4   BANK5
      Params:         0       0       0       0       0       0       0
      Locals:         1       0       0       0       0       0       0
      Temps:          0       0       0       0       0       0       0
      Totals:         1       0       0       0       0       0       0
Total ram usage:        1 bytes
 Hardware stack levels used:    1
 Hardware stack levels required when called:    2
 This function calls:
		Nothing
 This function is called by:
		_putch
		_checkValue
 This function uses a non-reentrant model


 *************** function _isdigit *****************
 Defined at:
		line 8 in file "C:\Program Files (x86)\Microchip\xc8\v1.43\sources\common\isdigit.c"
 Parameters:    Size  Location     Type
  c               1    wreg     unsigned char 
 Auto vars:     Size  Location     Type
  c               1   20[COMRAM] unsigned char 
 Return value:  Size  Location     Type
		None               void
 Registers used:
		wreg, status,2, status,0
 Tracked objects:
		On entry : 
		On exit  : 
		Unchanged: 
 Data sizes:     COMRAM   BANK0   BANK1   BANK2   BANK3   BANK4   BANK5
      Params:         0       0       0       0       0       0       0
      Locals:         2       0       0       0       0       0       0
      Temps:          1       0       0       0       0       0       0
      Totals:         3       0       0       0       0       0       0
Total ram usage:        3 bytes
 Hardware stack levels used:    1
 Hardware stack levels required when called:    2
 This function calls:
		Nothing
 This function is called by:
		_printf
 This function uses a non-reentrant model


 *************** function _fround *****************
 Defined at:
		line 409 in file "C:\Program Files (x86)\Microchip\xc8\v1.43\sources\common\doprnt.c"
 Parameters:    Size  Location     Type
  prec            1    wreg     unsigned char 
 Auto vars:     Size  Location     Type
  prec            1   33[BANK0 ] unsigned char 
 Return value:  Size  Location     Type
                  3   24[BANK0 ] unsigned char 
 Registers used:
		wreg, status,2, status,0, tblptrl, tblptrh, tblptru, prodl, prodh, cstack
 Tracked objects:
		On entry : 
		On exit  : 
		Unchanged: 
 Data sizes:     COMRAM   BANK0   BANK1   BANK2   BANK3   BANK4   BANK5
      Params:         0       3       0       0       0       0       0
      Locals:         0       7       0       0       0       0       0
      Temps:          0       0       0       0       0       0       0
      Totals:         0      10       0       0       0       0       0
Total ram usage:       10 bytes
 Hardware stack levels used:    1
 Hardware stack levels required when called:    4
 This function calls:
		___awdiv
		___awmod
		___ftmul
		___wmul
 This function is called by:
		_printf
 This function uses a non-reentrant model


 *************** function ___wmul *****************
 Defined at:
		line 15 in file "C:\Program Files (x86)\Microchip\xc8\v1.43\sources\common\Umul16.c"
 Parameters:    Size  Location     Type
  multiplier      2   32[COMRAM] unsigned int 
  multiplicand    2   34[COMRAM] unsigned int 
 Auto vars:     Size  Location     Type
  product         2   36[COMRAM] unsigned int 
 Return value:  Size  Location     Type
                  2   32[COMRAM] unsigned int 
 Registers used:
		wreg, status,2, status,0, prodl, prodh
 Tracked objects:
		On entry : 
		On exit  : 
		Unchanged: 
 Data sizes:     COMRAM   BANK0   BANK1   BANK2   BANK3   BANK4   BANK5
      Params:         4       0       0       0       0       0       0
      Locals:         2       0       0       0       0       0       0
      Temps:          0       0       0       0       0       0       0
      Totals:         6       0       0       0       0       0       0
Total ram usage:        6 bytes
 Hardware stack levels used:    1
 Hardware stack levels required when called:    2
 This function calls:
		Nothing
 This function is called by:
		_fround
		_scale
		_printf
 This function uses a non-reentrant model


 *************** function ___awmod *****************
 Defined at:
		line 8 in file "C:\Program Files (x86)\Microchip\xc8\v1.43\sources\common\awmod.c"
 Parameters:    Size  Location     Type
  dividend        2   18[COMRAM] int 
  divisor         2   20[COMRAM] int 
 Auto vars:     Size  Location     Type
  sign            1   23[COMRAM] unsigned char 
  counter         1   22[COMRAM] unsigned char 
 Return value:  Size  Location     Type
                  2   18[COMRAM] int 
 Registers used:
		wreg, status,2, status,0
 Tracked objects:
		On entry : 
		On exit  : 
		Unchanged: 
 Data sizes:     COMRAM   BANK0   BANK1   BANK2   BANK3   BANK4   BANK5
      Params:         4       0       0       0       0       0       0
      Locals:         2       0       0       0       0       0       0
      Temps:          0       0       0       0       0       0       0
      Totals:         6       0       0       0       0       0       0
Total ram usage:        6 bytes
 Hardware stack levels used:    1
 Hardware stack levels required when called:    2
 This function calls:
		Nothing
 This function is called by:
		_fround
		_scale
 This function uses a non-reentrant model


 *************** function ___awdiv *****************
 Defined at:
		line 8 in file "C:\Program Files (x86)\Microchip\xc8\v1.43\sources\common\awdiv.c"
 Parameters:    Size  Location     Type
  dividend        2   24[COMRAM] int 
  divisor         2   26[COMRAM] int 
 Auto vars:     Size  Location     Type
  quotient        2   30[COMRAM] int 
  sign            1   29[COMRAM] unsigned char 
  counter         1   28[COMRAM] unsigned char 
 Return value:  Size  Location     Type
                  2   24[COMRAM] int 
 Registers used:
		wreg, status,2, status,0
 Tracked objects:
		On entry : 
		On exit  : 
		Unchanged: 
 Data sizes:     COMRAM   BANK0   BANK1   BANK2   BANK3   BANK4   BANK5
      Params:         4       0       0       0       0       0       0
      Locals:         4       0       0       0       0       0       0
      Temps:          0       0       0       0       0       0       0
      Totals:         8       0       0       0       0       0       0
Total ram usage:        8 bytes
 Hardware stack levels used:    1
 Hardware stack levels required when called:    2
 This function calls:
		Nothing
 This function is called by:
		_fround
		_scale
		_printf
 This function uses a non-reentrant model


 *************** function __tdiv_to_l_ *****************
 Defined at:
		line 60 in file "C:\Program Files (x86)\Microchip\xc8\v1.43\sources\common\ftdivl.c"
 Parameters:    Size  Location     Type
  f1              3   18[COMRAM] float 
  f2              3   21[COMRAM] float 
 Auto vars:     Size  Location     Type
  quot            4   27[COMRAM] unsigned long 
  exp1            1   32[COMRAM] unsigned char 
  cntr            1   31[COMRAM] unsigned char 
 Return value:  Size  Location     Type
                  4   18[COMRAM] unsigned long 
 Registers used:
		wreg, status,2, status,0
 Tracked objects:
		On entry : 
		On exit  : 
		Unchanged: 
 Data sizes:     COMRAM   BANK0   BANK1   BANK2   BANK3   BANK4   BANK5
      Params:         6       0       0       0       0       0       0
      Locals:         6       0       0       0       0       0       0
      Temps:          3       0       0       0       0       0       0
      Totals:        15       0       0       0       0       0       0
Total ram usage:       15 bytes
 Hardware stack levels used:    1
 Hardware stack levels required when called:    2
 This function calls:
		Nothing
 This function is called by:
		_printf
 This function uses a non-reentrant model


 *************** function __div_to_l_ *****************
 Defined at:
		line 60 in file "C:\Program Files (x86)\Microchip\xc8\v1.43\sources\common\fldivl.c"
 Parameters:    Size  Location     Type
  f1              3   18[COMRAM] unsigned long 
  f2              3   21[COMRAM] unsigned long 
 Auto vars:     Size  Location     Type
  quot            4   24[COMRAM] unsigned long 
  exp1            1   29[COMRAM] unsigned char 
  cntr            1   28[COMRAM] unsigned char 
 Return value:  Size  Location     Type
                  4   18[COMRAM] unsigned long 
 Registers used:
		wreg, status,2, status,0
 Tracked objects:
		On entry : 
		On exit  : 
		Unchanged: 
 Data sizes:     COMRAM   BANK0   BANK1   BANK2   BANK3   BANK4   BANK5
      Params:         6       0       0       0       0       0       0
      Locals:         6       0       0       0       0       0       0
      Temps:          0       0       0       0       0       0       0
      Totals:        12       0       0       0       0       0       0
Total ram usage:       12 bytes
 Hardware stack levels used:    1
 Hardware stack levels required when called:    2
 This function calls:
		Nothing
 This function is called by:
		_printf
 This function uses a non-reentrant model


 *************** function ___lltoft *****************
 Defined at:
		line 35 in file "C:\Program Files (x86)\Microchip\xc8\v1.43\sources\common\lltoft.c"
 Parameters:    Size  Location     Type
  c               4   26[COMRAM] unsigned long 
 Auto vars:     Size  Location     Type
  exp             1   34[COMRAM] unsigned char 
 Return value:  Size  Location     Type
                  3   26[COMRAM] float 
 Registers used:
		wreg, status,2, status,0, cstack
 Tracked objects:
		On entry : 
		On exit  : 
		Unchanged: 
 Data sizes:     COMRAM   BANK0   BANK1   BANK2   BANK3   BANK4   BANK5
      Params:         4       0       0       0       0       0       0
      Locals:         1       0       0       0       0       0       0
      Temps:          4       0       0       0       0       0       0
      Totals:         9       0       0       0       0       0       0
Total ram usage:        9 bytes
 Hardware stack levels used:    1
 Hardware stack levels required when called:    3
 This function calls:
		___ftpack
 This function is called by:
		_printf
 This function uses a non-reentrant model


 *************** function ___llmod *****************
 Defined at:
		line 8 in file "C:\Program Files (x86)\Microchip\xc8\v1.43\sources\common\llmod.c"
 Parameters:    Size  Location     Type
  dividend        4   31[COMRAM] unsigned long 
  divisor         4   35[COMRAM] unsigned long 
 Auto vars:     Size  Location     Type
  counter         1   39[COMRAM] unsigned char 
 Return value:  Size  Location     Type
                  4   31[COMRAM] unsigned long 
 Registers used:
		wreg, status,2, status,0
 Tracked objects:
		On entry : 
		On exit  : 
		Unchanged: 
 Data sizes:     COMRAM   BANK0   BANK1   BANK2   BANK3   BANK4   BANK5
      Params:         8       0       0       0       0       0       0
      Locals:         1       0       0       0       0       0       0
      Temps:          0       0       0       0       0       0       0
      Totals:         9       0       0       0       0       0       0
Total ram usage:        9 bytes
 Hardware stack levels used:    1
 Hardware stack levels required when called:    2
 This function calls:
		Nothing
 This function is called by:
		_printf
 This function uses a non-reentrant model


 *************** function ___lldiv *****************
 Defined at:
		line 8 in file "C:\Program Files (x86)\Microchip\xc8\v1.43\sources\common\lldiv.c"
 Parameters:    Size  Location     Type
  dividend        4   18[COMRAM] unsigned long 
[...]
Total ram usage:        3 bytes
 Hardware stack levels used:    1
 Hardware stack levels required when called:    3
 This function calls:
		___ftpack
 This function is called by:
		_temperatureMeasurementC
		_temperatureMeasurementF
		_carbonMeasurement
		_salinityMeasurement
 This function uses a non-reentrant model


 *************** function ___ftmul *****************
 Defined at:
		line 62 in file "C:\Program Files (x86)\Microchip\xc8\v1.43\sources\common\ftmul.c"
 Parameters:    Size  Location     Type
  f1              3    9[BANK0 ] float 
  f2              3   12[BANK0 ] float 
 Auto vars:     Size  Location     Type
  f3_as_produc    3   19[BANK0 ] unsigned um
  sign            1   23[BANK0 ] unsigned char 
  cntr            1   22[BANK0 ] unsigned char 
  exp             1   18[BANK0 ] unsigned char 
 Return value:  Size  Location     Type
                  3    9[BANK0 ] float 
 Registers used:
		wreg, status,2, status,0, cstack
 Tracked objects:
		On entry : 
		On exit  : 
		Unchanged: 
 Data sizes:     COMRAM   BANK0   BANK1   BANK2   BANK3   BANK4   BANK5
      Params:         0       6       0       0       0       0       0
      Locals:         0       6       0       0       0       0       0
      Temps:          0       3       0       0       0       0       0
      Totals:         0      15       0       0       0       0       0
Total ram usage:       15 bytes
 Hardware stack levels used:    1
 Hardware stack levels required when called:    3
 This function calls:
		___ftpack
 This function is called by:
		_temperatureMeasurementC
		_temperatureMeasurementF
		_carbonMeasurement
		_salinityMeasurement
		_fround
		_scale
		_printf
 This function uses a non-reentrant model


 *************** function ___ftdiv *****************
 Defined at:
		line 54 in file "C:\Program Files (x86)\Microchip\xc8\v1.43\sources\common\ftdiv.c"
 Parameters:    Size  Location     Type
  f1              3   50[COMRAM] float 
  f2              3   53[COMRAM] float 
 Auto vars:     Size  Location     Type
  f3              3    4[BANK0 ] float 
  sign            1    8[BANK0 ] unsigned char 
  exp             1    7[BANK0 ] unsigned char 
  cntr            1    3[BANK0 ] unsigned char 
 Return value:  Size  Location     Type
                  3   50[COMRAM] float 
 Registers used:
		wreg, status,2, status,0, cstack
 Tracked objects:
		On entry : 
		On exit  : 
		Unchanged: 
 Data sizes:     COMRAM   BANK0   BANK1   BANK2   BANK3   BANK4   BANK5
      Params:         6       0       0       0       0       0       0
      Locals:         0       6       0       0       0       0       0
      Temps:          0       3       0       0       0       0       0
      Totals:         6       9       0       0       0       0       0
Total ram usage:       15 bytes
 Hardware stack levels used:    1
 Hardware stack levels required when called:    3
 This function calls:
		___ftpack
 This function is called by:
		_temperatureMeasurementC
		_temperatureMeasurementF
		_carbonMeasurement
		_salinityMeasurement
 This function uses a non-reentrant model


 *************** function ___ftadd *****************
 Defined at:
		line 86 in file "C:\Program Files (x86)\Microchip\xc8\v1.43\sources\common\ftadd.c"
 Parameters:    Size  Location     Type
  f1              3   38[COMRAM] float 
  f2              3   41[COMRAM] float 
 Auto vars:     Size  Location     Type
  exp1            1   49[COMRAM] unsigned char 
  exp2            1   48[COMRAM] unsigned char 
  sign            1   47[COMRAM] unsigned char 
 Return value:  Size  Location     Type
                  3   38[COMRAM] float 
 Registers used:
		wreg, status,2, status,0, cstack
 Tracked objects:
		On entry : 
		On exit  : 
		Unchanged: 
 Data sizes:     COMRAM   BANK0   BANK1   BANK2   BANK3   BANK4   BANK5
      Params:         6       0       0       0       0       0       0
      Locals:         3       0       0       0       0       0       0
      Temps:          3       0       0       0       0       0       0
      Totals:        12       0       0       0       0       0       0
Total ram usage:       12 bytes
 Hardware stack levels used:    1
 Hardware stack levels required when called:    3
 This function calls:
		___ftpack
 This function is called by:
		_temperatureMeasurementC
		_temperatureMeasurementF
		_carbonMeasurement
		_salinityMeasurement
		_printf
		___ftsub
 This function uses a non-reentrant model


 *************** function ___ftpack *****************
 Defined at:
		line 62 in file "C:\Program Files (x86)\Microchip\xc8\v1.43\sources\common\float.c"
 Parameters:    Size  Location     Type
  arg             3   18[COMRAM] unsigned um
  exp             1   21[COMRAM] unsigned char 
  sign            1   22[COMRAM] unsigned char 
 Auto vars:     Size  Location     Type
		None
 Return value:  Size  Location     Type
                  3   18[COMRAM] float 
 Registers used:
		wreg, status,2, status,0
 Tracked objects:
		On entry : 
		On exit  : 
		Unchanged: 
 Data sizes:     COMRAM   BANK0   BANK1   BANK2   BANK3   BANK4   BANK5
      Params:         5       0       0       0       0       0       0
      Locals:         0       0       0       0       0       0       0
      Temps:          3       0       0       0       0       0       0
      Totals:         8       0       0       0       0       0       0
Total ram usage:        8 bytes
 Hardware stack levels used:    1
 Hardware stack levels required when called:    2
 This function calls:
		Nothing
 This function is called by:
		___awtoft
		___ftadd
		___ftdiv
		___ftmul
		___lltoft
		___lwtoft
 This function uses a non-reentrant model


 *************** function _SYSTEM_Initialize *****************
 Defined at:
		line 111 in file "mcc_generated_files/mcc.c"
 Parameters:    Size  Location     Type
		None
 Auto vars:     Size  Location     Type
		None
 Return value:  Size  Location     Type
                  1    wreg      void 
 Registers used:
		wreg, status,2, cstack
 Tracked objects:
		On entry : 
		On exit  : 
		Unchanged: 
 Data sizes:     COMRAM   BANK0   BANK1   BANK2   BANK3   BANK4   BANK5
      Params:         0       0       0       0       0       0       0
      Locals:         0       0       0       0       0       0       0
      Temps:          0       0       0       0       0       0       0
      Totals:         0       0       0       0       0       0       0
Total ram usage:        0 bytes
 Hardware stack levels used:    1
 Hardware stack levels required when called:    3
 This function calls:
		_EUSART2_Initialize
		_INTERRUPT_Initialize
		_OSCILLATOR_Initialize
		_PIN_MANAGER_Initialize
 This function is called by:
		_main
 This function uses a non-reentrant model


 *************** function _PIN_MANAGER_Initialize *****************
 Defined at:
		line 52 in file "mcc_generated_files/pin_manager.c"
 Parameters:    Size  Location     Type
		None
 Auto vars:     Size  Location     Type
		None
 Return value:  Size  Location     Type
                  1    wreg      void 
 Registers used:
		wreg, status,2
 Tracked objects:
		On entry : 
		On exit  : 
		Unchanged: 
 Data sizes:     COMRAM   BANK0   BANK1   BANK2   BANK3   BANK4   BANK5
      Params:         0       0       0       0       0       0       0
      Locals:         0       0       0       0       0       0       0
      Temps:          0       0       0       0       0       0       0
      Totals:         0       0       0       0       0       0       0
Total ram usage:        0 bytes
 Hardware stack levels used:    1
 Hardware stack levels required when called:    2
 This function calls:
		Nothing
 This function is called by:
		_SYSTEM_Initialize
 This function uses a non-reentrant model


 *************** function _OSCILLATOR_Initialize *****************
 Defined at:
		line 120 in file "mcc_generated_files/mcc.c"
 Parameters:    Size  Location     Type
		None
 Auto vars:     Size  Location     Type
		None
 Return value:  Size  Location     Type
                  1    wreg      void 
 Registers used:
		wreg, status,2
 Tracked objects:
		On entry : 
		On exit  : 
		Unchanged: 
 Data sizes:     COMRAM   BANK0   BANK1   BANK2   BANK3   BANK4   BANK5
      Params:         0       0       0       0       0       0       0
      Locals:         0       0       0       0       0       0       0
      Temps:          0       0       0       0       0       0       0
      Totals:         0       0       0       0       0       0       0
Total ram usage:        0 bytes
 Hardware stack levels used:    1
 Hardware stack levels required when called:    2
 This function calls:
		Nothing
 This function is called by:
		_SYSTEM_Initialize
 This function uses a non-reentrant model


 *************** function _INTERRUPT_Initialize *****************
 Defined at:
		line 51 in file "mcc_generated_files/interrupt_manager.c"
 Parameters:    Size  Location     Type
		None
 Auto vars:     Size  Location     Type
		None
 Return value:  Size  Location     Type
                  1    wreg      void 
 Registers used:
		None
 Tracked objects:
		On entry : 
		On exit  : 
		Unchanged: 
 Data sizes:     COMRAM   BANK0   BANK1   BANK2   BANK3   BANK4   BANK5
      Params:         0       0       0       0       0       0       0
      Locals:         0       0       0       0       0       0       0
      Temps:          0       0       0       0       0       0       0
      Totals:         0       0       0       0       0       0       0
Total ram usage:        0 bytes
 Hardware stack levels used:    1
 Hardware stack levels required when called:    2
 This function calls:
		Nothing
 This function is called by:
		_SYSTEM_Initialize
 This function uses a non-reentrant model


 *************** function _EUSART2_Initialize *****************
 Defined at:
		line 75 in file "mcc_generated_files/eusart2.c"
 Parameters:    Size  Location     Type
		None
 Auto vars:     Size  Location     Type
		None
 Return value:  Size  Location     Type
                  1    wreg      void 
 Registers used:
		wreg, status,2
 Tracked objects:
		On entry : 
		On exit  : 
		Unchanged: 
 Data sizes:     COMRAM   BANK0   BANK1   BANK2   BANK3   BANK4   BANK5
      Params:         0       0       0       0       0       0       0
      Locals:         0       0       0       0       0       0       0
      Temps:          0       0       0       0       0       0       0
      Totals:         0       0       0       0       0       0       0
Total ram usage:        0 bytes
 Hardware stack levels used:    1
 Hardware stack levels required when called:    2
 This function calls:
		Nothing
 This function is called by:
		_SYSTEM_Initialize
 This function uses a non-reentrant model


 *************** function _INTERRUPT_InterruptManager *****************
 Defined at:
		line 57 in file "mcc_generated_files/interrupt_manager.c"
 Parameters:    Size  Location     Type
		None
 Auto vars:     Size  Location     Type
		None
 Return value:  Size  Location     Type
                  1    wreg      void 
 Registers used:
		wreg, fsr2l, fsr2h, status,2, status,0, prodl, prodh, cstack
 Tracked objects:
		On entry : 
		On exit  : 
		Unchanged: 
 Data sizes:     COMRAM   BANK0   BANK1   BANK2   BANK3   BANK4   BANK5
      Params:         0       0       0       0       0       0       0
      Locals:         0       0       0       0       0       0       0
      Temps:         18       0       0       0       0       0       0
      Totals:        18       0       0       0       0       0       0
Total ram usage:       18 bytes
 Hardware stack levels used:    1
 Hardware stack levels required when called:    1
 This function calls:
		_EUSART2_Receive_ISR
		_EUSART2_Transmit_ISR
 This function is called by:
		Interrupt level 2
 This function uses a non-reentrant model


 *************** function _EUSART2_Transmit_ISR *****************
 Defined at:
		line 165 in file "mcc_generated_files/eusart2.c"
 Parameters:    Size  Location     Type
		None
 Auto vars:     Size  Location     Type
		None
 Return value:  Size  Location     Type
                  1    wreg      void 
 Registers used:
		wreg, fsr2l, fsr2h, status,2, status,0, prodl, prodh
 Tracked objects:
		On entry : 
		On exit  : 
		Unchanged: 
 Data sizes:     COMRAM   BANK0   BANK1   BANK2   BANK3   BANK4   BANK5
      Params:         0       0       0       0       0       0       0
      Locals:         0       0       0       0       0       0       0
      Temps:          0       0       0       0       0       0       0
      Totals:         0       0       0       0       0       0       0
Total ram usage:        0 bytes
 Hardware stack levels used:    1
 This function calls:
		Nothing
 This function is called by:
		_INTERRUPT_InterruptManager
 This function uses a non-reentrant model


 *************** function _EUSART2_Receive_ISR *****************
 Defined at:
		line 184 in file "mcc_generated_files/eusart2.c"
 Parameters:    Size  Location     Type
		None
 Auto vars:     Size  Location     Type
		None
 Return value:  Size  Location     Type
                  1    wreg      void 
 Registers used:
		wreg, fsr2l, fsr2h, status,2, status,0, prodl, prodh
 Tracked objects:
		On entry : 
		On exit  : 
		Unchanged: 
 Data sizes:     COMRAM   BANK0   BANK1   BANK2   BANK3   BANK4   BANK5
      Params:         0       0       0       0       0       0       0
      Locals:         0       0       0       0       0       0       0
      Temps:          0       0       0       0       0       0       0
      Totals:         0       0       0       0       0       0       0
Total ram usage:        0 bytes
 Hardware stack levels used:    1
 This function calls:
		Nothing
 This function is called by:
		_INTERRUPT_InterruptManager
 This function uses a non-reentrant model



MODULE INFORMATION

Module		Function		Class		Link	Load	Size
mcc_generated_files/eusart2.c
		_putch         		CODE           	3112	0000	11
		_EUSART2_Read  		CODE           	2F10	0000	53
		_EUSART2_Write 		CODE           	2E9E	0000	59
		_EUSART2_Receive_ISR		CODE           	3002	0000	45
		_EUSART2_Transmit_ISR		CODE           	2FA8	0000	47
		_EUSART2_Initialize		CODE           	2F44	0000	53

mcc_generated_files/eusart2.c estimated size: 268

C:\Program Files (x86)\Microchip\xc8\v1.43\sources\common\fldivl.c
		__div_to_l_    		CODE           	2392	0000	297

C:\Program Files (x86)\Microchip\xc8\v1.43\sources\common\fldivl.c estimated size: 297

C:\Program Files (x86)\Microchip\xc8\v1.43\sources\common\ftmul.c
		___ftmul       		CODE           	1FBE	0000	351

C:\Program Files (x86)\Microchip\xc8\v1.43\sources\common\ftmul.c estimated size: 351

C:\Program Files (x86)\Microchip\xc8\v1.43\sources\common\isdigit.c
		_isdigit       		CODE           	30C2	0000	31

C:\Program Files (x86)\Microchip\xc8\v1.43\sources\common\isdigit.c estimated size: 31

C:\Program Files (x86)\Microchip\xc8\v1.43\sources\common\ftdiv.c
		___ftdiv       		CODE           	2804	0000	273

C:\Program Files (x86)\Microchip\xc8\v1.43\sources\common\ftdiv.c estimated size: 273

mcc_generated_files/interrupt_manager.c
		_INTERRUPT_Initialize		CODE           	311C	0000	5
		_INTERRUPT_InterruptManager		CODE           	0008	0000	179

mcc_generated_files/interrupt_manager.c estimated size: 184

C:\Program Files (x86)\Microchip\xc8\v1.43\sources\common\ftge.c
		___ftge        		CODE           	2A82	0000	145

C:\Program Files (x86)\Microchip\xc8\v1.43\sources\common\ftge.c estimated size: 145

C:\Program Files (x86)\Microchip\xc8\v1.43\sources\common\awdiv.c
		___awdiv       		CODE           	2B12	0000	133

C:\Program Files (x86)\Microchip\xc8\v1.43\sources\common\awdiv.c estimated size: 133

C:\Program Files (x86)\Microchip\xc8\v1.43\sources\common\strcmp.c
		_strcmp        		CODE           	2C88	0000	107

C:\Program Files (x86)\Microchip\xc8\v1.43\sources\common\strcmp.c estimated size: 107

C:\Program Files (x86)\Microchip\xc8\v1.43\sources\common\awtoft.c
		___awtoft      		CODE           	2ED8	0000	57

C:\Program Files (x86)\Microchip\xc8\v1.43\sources\common\awtoft.c estimated size: 57

mcc_generated_files/pin_manager.c
		_PIN_MANAGER_Initialize		CODE           	2FD6	0000	45

mcc_generated_files/pin_manager.c estimated size: 45

C:\Program Files (x86)\Microchip\xc8\v1.43\sources\common\lldiv.c
		___lldiv       		CODE           	2B96	0000	131

C:\Program Files (x86)\Microchip\xc8\v1.43\sources\common\lldiv.c estimated size: 131

C:\Program Files (x86)\Microchip\xc8\v1.43\sources\common\fttol.c
		___fttol       		CODE           	211C	0000	325

C:\Program Files (x86)\Microchip\xc8\v1.43\sources\common\fttol.c estimated size: 325

C:\Program Files (x86)\Microchip\xc8\v1.43\sources\common\doprnt.c
		_scale         		CODE           	124A	0000	1071
		_printf        		CODE           	06A2	0000	2985
		_fround        		CODE           	1988	0000	621

C:\Program Files (x86)\Microchip\xc8\v1.43\sources\common\doprnt.c estimated size: 4677

C:\Program Files (x86)\Microchip\xc8\v1.43\sources\common\lwtoft.c
		___lwtoft      		CODE           	309E	0000	37

C:\Program Files (x86)\Microchip\xc8\v1.43\sources\common\lwtoft.c estimated size: 37

C:\Program Files (x86)\Microchip\xc8\v1.43\sources\common\lltoft.c
		___lltoft      		CODE           	2DB8	0000	93

C:\Program Files (x86)\Microchip\xc8\v1.43\sources\common\lltoft.c estimated size: 93

C:\Program Files (x86)\Microchip\xc8\v1.43\sources\common\ftadd.c
		___ftadd       		CODE           	1E12	0000	429

C:\Program Files (x86)\Microchip\xc8\v1.43\sources\common\ftadd.c estimated size: 429

shared
		__powers_      		SMALLCONST     	0629	0000	40
		_dpowers       		SMALLCONST     	0601	0000	41
		__npowers_     		SMALLCONST     	0650	0000	40
		__initialization		CODE           	302E	0000	25

shared estimated size: 146

mcc_generated_files/mcc.c
		_OSCILLATOR_Initialize		CODE           	3104	0000	15
		_SYSTEM_Initialize		CODE           	30F2	0000	19

mcc_generated_files/mcc.c estimated size: 34

C:\Program Files (x86)\Microchip\xc8\v1.43\sources\common\ftdivl.c
		__tdiv_to_l_   		CODE           	2260	0000	307

C:\Program Files (x86)\Microchip\xc8\v1.43\sources\common\ftdivl.c estimated size: 307

C:\Program Files (x86)\Microchip\xc8\v1.43\sources\common\ftneg.c
		___ftneg       		CODE           	307A	0000	37

C:\Program Files (x86)\Microchip\xc8\v1.43\sources\common\ftneg.c estimated size: 37

C:\Program Files (x86)\Microchip\xc8\v1.43\sources\common\Umul16.c
		___wmul        		CODE           	3054	0000	39

C:\Program Files (x86)\Microchip\xc8\v1.43\sources\common\Umul16.c estimated size: 39

C:\Program Files (x86)\Microchip\xc8\v1.43\sources\common\ftsub.c
		___ftsub       		CODE           	2E5E	0000	65

C:\Program Files (x86)\Microchip\xc8\v1.43\sources\common\ftsub.c estimated size: 65

C:\Program Files (x86)\Microchip\xc8\v1.43\sources\common\float.c
		___ftpack      		CODE           	29D4	0000	175

C:\Program Files (x86)\Microchip\xc8\v1.43\sources\common\float.c estimated size: 175

main.c
		_temperatureMeasurementC		CODE           	2914	0000	193
		_temperatureMeasurementF		CODE           	24BA	0000	291
		_master_read   		CODE           	2E14	0000	75
		_master_wait   		CODE           	30E0	0000	19
		_master_write  		CODE           	2F78	0000	49
		_main          		CODE           	1BF4	0000	543
		_retrive_data  		CODE           	2D58	0000	97
		_salinityMeasurement		CODE           	25DC	0000	277
		_carbonMeasurement		CODE           	26F0	0000	277
		_checkValue    		CODE           	1678	0000	785

main.c estimated size: 2606

C:\Program Files (x86)\Microchip\xc8\v1.43\sources\common\awmod.c
		___awmod       		CODE           	2C18	0000	113

C:\Program Files (x86)\Microchip\xc8\v1.43\sources\common\awmod.c estimated size: 113

C:\Program Files (x86)\Microchip\xc8\v1.43\sources\common\llmod.c
		___llmod       		CODE           	2CF2	0000	103

C:\Program Files (x86)\Microchip\xc8\v1.43\sources\common\llmod.c estimated size: 103

