Microchip MPLAB XC8 Compiler V1.43 ()

Linker command line:

-W-3 --edf=C:\Program Files (x86)\Microchip\xc8\v1.43\dat\en_msgs.txt -cs \
  -h+dist/default/production\Phase1.X.production.sym \
  --cmf=dist/default/production\Phase1.X.production.cmf -z -Q18F25K22 \
  -oC:\Users\Phu\AppData\Local\Temp\sq6o.2 \
  -Mdist/default/production/Phase1.X.production.map -E1 -ver=XC8 \
  -ASTACK=0F3h-05ffh -pstack=STACK -ACODE=00h-07FFFh -ACONST=00h-07FFFh \
  -ASMALLCONST=0600h-06FFhx122 -AMEDIUMCONST=0600h-07FFFh -ACOMRAM=01h-05Fh \
  -AABS1=00h-05FFh -ABIGRAM=01h-05FFh -ARAM=060h-0FFh,0100h-01FFhx5 \
  -ABANK0=060h-0FFh -ABANK1=0100h-01FFh -ABANK2=0200h-02FFh \
  -ABANK3=0300h-03FFh -ABANK4=0400h-04FFh -ABANK5=0500h-05FFh \
  -ASFR=0F38h-0F5Fh,0F60h-0FFFh \
  -preset_vec=00h,intcode=08h,intcodelo,powerup,init -pramtop=0600h \
  -psmallconst=SMALLCONST -pmediumconst=MEDIUMCONST -pconst=CONST \
  -AFARRAM=00h-00h -ACONFIG=0300000h-030000Dh -pconfig=CONFIG \
  -AIDLOC=0200000h-0200007h -pidloc=IDLOC -AEEDATA=0F00000h-0F000FFh \
  -peeprom_data=EEDATA \
  -prdata=COMRAM,nvrram=COMRAM,nvbit=COMRAM,rbss=COMRAM,rbit=COMRAM \
  -pfarbss=FARRAM,fardata=FARRAM,nvFARRAM=FARRAM \
  -pintsave_regs=BIGRAM,bigbss=BIGRAM,bigdata=BIGRAM -pbss=RAM \
  -pidata=CODE,irdata=CODE,ibigdata=CODE,ifardata=CODE -prparam=COMRAM \
  C:\Users\Phu\AppData\Local\Temp\sq6o.obj \
  dist/default/production\Phase1.X.production.obj 

Object code version is 3.11

Machine type is 18F25K22

Call graph: (short form)




                Name                               Link     Load   Length Selector   Space Scale
C:\Users\Phu\AppData\Local\Temp\sq6o.obj
                init                                14C      14C        4        4       0
                reset_vec                             0        0        4        0       0
                idloc                            200000   200000        8   200000       0
                config                           300000   300000        E   300000       0
dist/default/production\Phase1.X.production.obj
                intcode                               8        8      144        4       0
                temp                                 47       47        1        1       1
                smallconst                          600      600       FA      300       0
                text37                             3030     3030       16      37D       0
                text36                             2E7C     2E7C       3A      37D       0
                text35                             3012     3012       1E      37D       0
                text33                             28E8     28E8       AE      37D       0
                text32                             2EEE     2EEE       38      37D       0
                text31                             21A4     21A4      14C      37D       0
                text30                             2996     2996       90      37D       0
                text29                             2FAE     2FAE       24      37D       0
                text28                             19EC     19EC      1AC      37D       0
                text27                             2E30     2E30       4C      37D       0
                text26                             22F0     22F0      144      37D       0
                text25                             2B32     2B32       82      37D       0
                text24                             2C24     2C24       66      37D       0
                text23                             2C8A     2C8A       5C      37D       0
                text22                             27C0     27C0      128      37D       0
                text21                             2434     2434      132      37D       0
                text20                             2AAE     2AAE       84      37D       0
                text19                             2BB4     2BB4       70      37D       0
                text18                             2046     2046      15E      37D       0
                text17                             2F88     2F88       26      37D       0
                text16                             1780     1780      26C      37D       0
                text15                             2FF4     2FF4       1E      37D       0
                text14                             1352     1352      42E      37D       0
                text13                              6FA      6FA      C58      37D       0
                text12                             2F58     2F58       30      37D       0
                text11                             2FD2     2FD2       22      37D       0
                text10                             2DE2     2DE2       4E      37D       0
                text9                              2D90     2D90       52      37D       0
                text8                              2D3E     2D3E       52      37D       0
                text7                              2CE6     2CE6       58      37D       0
                text6                              1EB8     1EB8      18E      37D       0
                text5                              2EB6     2EB6       38      37D       0
                text4                              2A26     2A26       88      37D       0
                text3                              1D2A     1D2A      18E      37D       0
                text2                              2566     2566      130      37D       0
                text1                              1B98     1B98      192      37D       0
                text0                              2696     2696      12A      37D       0
                cstackCOMRAM                          1        1       36        1       1
                cstackBANK0                          60       60       93       60       1
                dataCOMRAM                           45       45        2        1       1
                bssCOMRAM                            37       37        E        1       1
                cinit                              2F26     2F26       32      37D       0
                idataCOMRAM                        3046     3046        2      37D       0

TOTAL           Name                               Link     Load   Length     Space
        CLASS   STACK          

        CLASS   CODE           
                intcode                               8        8      144         0
                init                                14C      14C        4         0
                reset_vec                             0        0        4         0
                text37                             3030     3030       16         0
                text36                             2E7C     2E7C       3A         0
                text35                             3012     3012       1E         0
                text33                             28E8     28E8       AE         0
                text32                             2EEE     2EEE       38         0
                text31                             21A4     21A4      14C         0
                text30                             2996     2996       90         0
                text29                             2FAE     2FAE       24         0
                text28                             19EC     19EC      1AC         0
                text27                             2E30     2E30       4C         0
                text26                             22F0     22F0      144         0
                text25                             2B32     2B32       82         0
                text24                             2C24     2C24       66         0
                text23                             2C8A     2C8A       5C         0
                text22                             27C0     27C0      128         0
                text21                             2434     2434      132         0
                text20                             2AAE     2AAE       84         0
                text19                             2BB4     2BB4       70         0
                text18                             2046     2046      15E         0
                text17                             2F88     2F88       26         0
                text16                             1780     1780      26C         0
                text15                             2FF4     2FF4       1E         0
                text14                             1352     1352      42E         0
                text13                              6FA      6FA      C58         0
                text12                             2F58     2F58       30         0
                text11                             2FD2     2FD2       22         0
                text10                             2DE2     2DE2       4E         0
                text9                              2D90     2D90       52         0
                text8                              2D3E     2D3E       52         0
                text7                              2CE6     2CE6       58         0
                text6                              1EB8     1EB8      18E         0
                text5                              2EB6     2EB6       38         0
                text4                              2A26     2A26       88         0
                text3                              1D2A     1D2A      18E         0
                text2                              2566     2566      130         0
                text1                              1B98     1B98      192         0
                text0                              2696     2696      12A         0
                cinit                              2F26     2F26       32         0
                idataCOMRAM                        3046     3046        2         0

        CLASS   CONST          

        CLASS   SMALLCONST     
                smallconst                          600      600       FA         0

        CLASS   MEDIUMCONST    

        CLASS   COMRAM         
                temp                                 47       47        1         1
                cstackCOMRAM                          1        1       36         1
                dataCOMRAM                           45       45        2         1
                bssCOMRAM                            37       37        E         1

        CLASS   ABS1           

        CLASS   BIGRAM         

        CLASS   RAM            

        CLASS   BANK0          
                cstackBANK0                          60       60       93         1

        CLASS   BANK1          

        CLASS   BANK2          

        CLASS   BANK3          

        CLASS   BANK4          

        CLASS   BANK5          

        CLASS   SFR            

        CLASS   FARRAM         

        CLASS   CONFIG         
                config                           300000   300000        E         0

        CLASS   IDLOC          
                idloc                            200000   200000        8         0

        CLASS   EEDATA         



SEGMENTS        Name                           Load    Length   Top    Selector   Space  Class

                reset_vec                      000000  000004  000004         0       0  CODE    
                cstackCOMRAM                   000001  000047  000048         1       1  COMRAM  
                intcode                        000008  000148  000150         4       0  CODE    
                cstackBANK0                    000060  000093  0000F3        60       1  BANK0   
                smallconst                     000600  0000FA  0006FA       300       0  SMALLCON
                text13                         0006FA  00294E  003048       37D       0  CODE    
                idloc                          200000  000008  200008    200000       0  IDLOC   
                config                         300000  00000E  30000E    300000       0  CONFIG  


UNUSED ADDRESS RANGES

        Name                Unused          Largest block    Delta
        BANK0            0000F3-0000FF                D
        BANK1            000100-0001FF              100
        BANK2            000200-0002FF              100
        BANK3            000300-0003FF              100
        BANK4            000400-0004FF              100
        BANK5            000500-0005FF              100
        BIGRAM           000048-00005F               18
                         0000F3-0005FF              50D
        CODE             000004-000007                4
                         000150-0005FF              4B0
                         003048-007FFF             4FB8
        COMRAM           000048-00005F               18
        CONST            000004-000007                4
                         000150-0005FF              4B0
                         003048-007FFF             4FB8
        EEDATA           F00000-F000FF              100
        MEDIUMCONST      003048-007FFF             4FB8
        RAM              0000F3-0005FF              100
        SFR              000F38-000FFF               28
        SMALLCONST       003048-007FFF              100
        STACK            0000F3-0005FF              50D

                                  Symbol Table

?___awdiv                         cstackCOMRAM 00001D
?___awmod                         cstackCOMRAM 000017
?___awtoft                        cstackCOMRAM 00001F
?___ftadd                         cstackCOMRAM 00002B
?___ftdiv                         cstackBANK0  000060
?___ftmul                         cstackBANK0  00006F
?___ftneg                         cstackCOMRAM 000017
?___ftpack                        cstackCOMRAM 000017
?___ftsub                         cstackBANK0  000060
?___fttol                         cstackBANK0  000085
?___lldiv                         cstackCOMRAM 000017
?___llmod                         cstackCOMRAM 000024
?___lltoft                        cstackCOMRAM 00001F
?___wmul                          cstackCOMRAM 000025
?__div_to_l_                      cstackCOMRAM 000017
?__tdiv_to_l_                     cstackCOMRAM 000017
?_chanSel                         cstackCOMRAM 000017
?_fround                          cstackBANK0  00007E
?_scale                           cstackBANK0  00007E
?_sprintf                         cstackBANK0  000094
?_strlen                          cstackCOMRAM 000017
?_write_slave                     cstackCOMRAM 000001
_ADCON0bits                       (abs)        000FC2
_ADCON1bits                       (abs)        000FC1
_ADCON2bits                       (abs)        000FC0
_ADRESH                           (abs)        000FC4
_ADRESL                           (abs)        000FC3
_ANSELA                           (abs)        000F38
_ANSELB                           (abs)        000F39
_ANSELC                           (abs)        000F3A
_ANSELCbits                       (abs)        000F3A
_CMD                              bssCOMRAM    000041
_INTCON2bits                      (abs)        000FF1
_INTCONbits                       (abs)        000FF2
_LATBbits                         (abs)        000F8A
_LATCbits                         (abs)        000F8B
_PIE1bits                         (abs)        000F9D
_PIR1bits                         (abs)        000F9E
_SSP1ADD                          (abs)        000FC8
_SSP1BUF                          (abs)        000FC9
_SSP1CON1                         (abs)        000FC6
_SSP1CON1bits                     (abs)        000FC6
_SSP1CON2                         (abs)        000FC5
_SSP1STAT                         (abs)        000FC7
_SSP1STATbits                     (abs)        000FC7
_TRISA                            (abs)        000F92
_TRISB                            (abs)        000F93
_TRISC                            (abs)        000F94
_TRISCbits                        (abs)        000F94
__CFG_BOREN$OFF                   (abs)        000000
__CFG_BORV$190                    (abs)        000000
__CFG_CCP2MX$PORTC1               (abs)        000000
__CFG_CCP3MX$PORTB5               (abs)        000000
__CFG_CP0$OFF                     (abs)        000000
__CFG_CP1$OFF                     (abs)        000000
__CFG_CP2$OFF                     (abs)        000000
__CFG_CP3$OFF                     (abs)        000000
__CFG_CPB$OFF                     (abs)        000000
__CFG_CPD$OFF                     (abs)        000000
__CFG_EBTR0$OFF                   (abs)        000000
__CFG_EBTR1$OFF                   (abs)        000000
__CFG_EBTR2$OFF                   (abs)        000000
__CFG_EBTR3$OFF                   (abs)        000000
__CFG_EBTRB$OFF                   (abs)        000000
__CFG_FCMEN$OFF                   (abs)        000000
__CFG_FOSC$INTIO67                (abs)        000000
__CFG_HFOFST$ON                   (abs)        000000
__CFG_IESO$OFF                    (abs)        000000
__CFG_LVP$ON                      (abs)        000000
__CFG_MCLRE$EXTMCLR               (abs)        000000
__CFG_P2BMX$PORTB5                (abs)        000000
__CFG_PBADEN$ON                   (abs)        000000
__CFG_PLLCFG$OFF                  (abs)        000000
__CFG_PRICLKEN$ON                 (abs)        000000
__CFG_PWRTEN$OFF                  (abs)        000000
__CFG_STVREN$ON                   (abs)        000000
__CFG_T3CMX$PORTC0                (abs)        000000
__CFG_WDTEN$OFF                   (abs)        000000
__CFG_WDTPS$32768                 (abs)        000000
__CFG_WRT0$OFF                    (abs)        000000
__CFG_WRT1$OFF                    (abs)        000000
__CFG_WRT2$OFF                    (abs)        000000
__CFG_WRT3$OFF                    (abs)        000000
__CFG_WRTB$OFF                    (abs)        000000
__CFG_WRTC$OFF                    (abs)        000000
__CFG_WRTD$OFF                    (abs)        000000
__CFG_XINST$OFF                   (abs)        000000
__HRAM                            (abs)        000000
__Habs1                           abs1         000000
__Hbank0                          bank0        000000
__Hbank1                          bank1        000000
__Hbank2                          bank2        000000
__Hbank3                          bank3        000000
__Hbank4                          bank4        000000
__Hbank5                          bank5        000000
__Hbigbss                         bigbss       000000
__Hbigdata                        bigdata      000000
__Hbigram                         bigram       000000
__Hbss                            bss          000000
__HbssCOMRAM                      bssCOMRAM    000000
__Hcinit                          cinit        000000
__Hclrtext                        clrtext      000000
__Hcomram                         comram       000000
__Hconfig                         config       30000E
__Hconst                          const        000000
__HcstackBANK0                    cstackBANK0  000000
__HcstackCOMRAM                   cstackCOMRAM 000000
__Hdata                           data         000000
__HdataCOMRAM                     dataCOMRAM   000000
__Heeprom_data                    eeprom_data  000000
__Hfarbss                         farbss       000000
__Hfardata                        fardata      000000
__Hibigdata                       ibigdata     000000
__Hidata                          idata        000000
__HidataCOMRAM                    idataCOMRAM  000000
__Hidloc                          idloc        200008
__Hifardata                       ifardata     000000
__Hinit                           init         000150
__Hintcode                        intcode      00014C
__Hintcode_body                   intcode_body 000000
__Hintcodelo                      intcodelo    00014C
__Hintentry                       intentry     000000
__Hintret                         intret       000000
__Hintsave_regs                   intsave_regs 000000
__Hirdata                         irdata       000000
__Hmediumconst                    mediumconst  000000
__HnvFARRAM                       nvFARRAM     000000
__Hnvbit                          nvbit        000000
__Hnvrram                         nvrram       000000
__Hparam                          rparam       000000
__Hpowerup                        powerup      00014C
__Hram                            ram          000000
__Hramtop                         ramtop       000600
__Hrbit                           rbit         000000
__Hrbss                           rbss         000000
__Hrdata                          rdata        000000
__Hreset_vec                      reset_vec    000004
__Hrparam                         rparam       000000
__Hsfr                            sfr          000000
__Hsmallconst                     smallconst   0006FA
__Hspace_0                        (abs)        30000E
__Hspace_1                        (abs)        0000F3
__Hspace_2                        (abs)        000000
__Hstack                          stack        000000
__Hstruct                         struct       000000
__Htemp                           temp         000048
__Htext                           text         000000
__Htext0                          text0        000000
__Htext1                          text1        000000
__Htext10                         text10       000000
__Htext11                         text11       000000
__Htext12                         text12       000000
__Htext13                         text13       000000
__Htext14                         text14       000000
__Htext15                         text15       000000
__Htext16                         text16       000000
__Htext17                         text17       000000
__Htext18                         text18       000000
__Htext19                         text19       000000
__Htext2                          text2        000000
__Htext20                         text20       000000
__Htext21                         text21       000000
__Htext22                         text22       000000
__Htext23                         text23       000000
__Htext24                         text24       000000
__Htext25                         text25       000000
__Htext26                         text26       000000
__Htext27                         text27       000000
__Htext28                         text28       000000
__Htext29                         text29       000000
__Htext3                          text3        000000
__Htext30                         text30       000000
__Htext31                         text31       000000
__Htext32                         text32       000000
__Htext33                         text33       000000
__Htext35                         text35       000000
__Htext36                         text36       000000
__Htext37                         text37       000000
__Htext4                          text4        000000
__Htext5                          text5        000000
__Htext6                          text6        000000
__Htext7                          text7        000000
__Htext8                          text8        000000
__Htext9                          text9        000000
__LRAM                            (abs)        000001
__Labs1                           abs1         000000
__Lbank0                          bank0        000000
__Lbank1                          bank1        000000
__Lbank2                          bank2        000000
__Lbank3                          bank3        000000
__Lbank4                          bank4        000000
__Lbank5                          bank5        000000
__Lbigbss                         bigbss       000000
__Lbigdata                        bigdata      000000
__Lbigram                         bigram       000000
__Lbss                            bss          000000
__LbssCOMRAM                      bssCOMRAM    000000
__Lcinit                          cinit        000000
__Lclrtext                        clrtext      000000
__Lcomram                         comram       000000
__Lconfig                         config       300000
__Lconst                          const        000000
__LcstackBANK0                    cstackBANK0  000000
__LcstackCOMRAM                   cstackCOMRAM 000000
__Ldata                           data         000000
__LdataCOMRAM                     dataCOMRAM   000000
__Leeprom_data                    eeprom_data  000000
__Lfarbss                         farbss       000000
__Lfardata                        fardata      000000
__Libigdata                       ibigdata     000000
__Lidata                          idata        000000
__LidataCOMRAM                    idataCOMRAM  000000
__Lidloc                          idloc        200000
__Lifardata                       ifardata     000000
__Linit                           init         00014C
__Lintcode                        intcode      000008
__Lintcode_body                   intcode_body 000000
__Lintcodelo                      intcodelo    00014C
__Lintentry                       intentry     000000
__Lintret                         intret       000000
__Lintsave_regs                   intsave_regs 000000
__Lirdata                         irdata       000000
__Lmediumconst                    mediumconst  000000
__LnvFARRAM                       nvFARRAM     000000
__Lnvbit                          nvbit        000000
__Lnvrram                         nvrram       000000
__Lparam                          rparam       000000
__Lpowerup                        powerup      00014C
__Lram                            ram          000000
__Lramtop                         ramtop       000600
__Lrbit                           rbit         000000
__Lrbss                           rbss         000000
__Lrdata                          rdata        000000
__Lreset_vec                      reset_vec    000000
__Lrparam                         rparam       000000
__Lsfr                            sfr          000000
__Lsmallconst                     smallconst   000600
__Lspace_0                        (abs)        000000
__Lspace_1                        (abs)        000000
__Lspace_2                        (abs)        000000
__Lstack                          stack        000000
__Lstruct                         struct       000000
__Ltemp                           temp         000047
__Ltext                           text         000000
__Ltext0                          text0        000000
__Ltext1                          text1        000000
__Ltext10                         text10       000000
__Ltext11                         text11       000000
__Ltext12                         text12       000000
__Ltext13                         text13       000000
__Ltext14                         text14       000000
__Ltext15                         text15       000000
__Ltext16                         text16       000000
__Ltext17                         text17       000000
__Ltext18                         text18       000000
__Ltext19                         text19       000000
__Ltext2                          text2        000000
__Ltext20                         text20       000000
__Ltext21                         text21       000000
__Ltext22                         text22       000000
__Ltext23                         text23       000000
__Ltext24                         text24       000000
__Ltext25                         text25       000000
__Ltext26                         text26       000000
__Ltext27                         text27       000000
__Ltext28                         text28       000000
__Ltext29                         text29       000000
__Ltext3                          text3        000000
__Ltext30                         text30       000000
__Ltext31                         text31       000000
__Ltext32                         text32       000000
__Ltext33                         text33       000000
__Ltext35                         text35       000000
__Ltext36                         text36       000000
__Ltext37                         text37       000000
__Ltext4                          text4        000000
__Ltext5                          text5        000000
__Ltext6                          text6        000000
__Ltext7                          text7        000000
__Ltext8                          text8        000000
__Ltext9                          text9        000000
__S0                              (abs)        30000E
__S1                              (abs)        0000F3
__S2                              (abs)        000000
___awdiv                          text20       002AAE
___awdiv@counter                  cstackCOMRAM 000021
___awdiv@dividend                 cstackCOMRAM 00001D
___awdiv@divisor                  cstackCOMRAM 00001F
___awdiv@quotient                 cstackCOMRAM 000023
___awdiv@sign                     cstackCOMRAM 000022
___awmod                          text19       002BB4
___awmod@counter                  cstackCOMRAM 00001B
___awmod@dividend                 cstackCOMRAM 000017
___awmod@divisor                  cstackCOMRAM 000019
___awmod@sign                     cstackCOMRAM 00001C
___awtoft                         text32       002EEE
___awtoft@c                       cstackCOMRAM 00001F
___awtoft@sign                    cstackCOMRAM 000022
___ftadd                          text28       0019EC
___ftadd@exp1                     cstackCOMRAM 000036
___ftadd@exp2                     cstackCOMRAM 000035
___ftadd@f1                       cstackCOMRAM 00002B
___ftadd@f2                       cstackCOMRAM 00002E
___ftadd@sign                     cstackCOMRAM 000034
___ftdiv                          text31       0021A4
___ftdiv@cntr                     cstackBANK0  000069
___ftdiv@exp                      cstackBANK0  00006D
___ftdiv@f1                       cstackBANK0  000060
___ftdiv@f2                       cstackBANK0  000063
___ftdiv@f3                       cstackBANK0  00006A
___ftdiv@sign                     cstackBANK0  00006E
___ftge                           text30       002996
___ftge@ff1                       cstackCOMRAM 000017
___ftge@ff2                       cstackCOMRAM 00001A
___ftmul                          text18       002046
___ftmul@cntr                     cstackBANK0  00007C
___ftmul@exp                      cstackBANK0  000078
___ftmul@f1                       cstackBANK0  00006F
___ftmul@f2                       cstackBANK0  000072
___ftmul@f3_as_product            cstackBANK0  000079
___ftmul@sign                     cstackBANK0  00007D
___ftneg                          text29       002FAE
___ftneg@f1                       cstackCOMRAM 000017
___ftpack                         text33       0028E8
___ftpack@arg                     cstackCOMRAM 000017
___ftpack@exp                     cstackCOMRAM 00001A
___ftpack@sign                    cstackCOMRAM 00001B
___ftsub                          text27       002E30
___ftsub@f1                       cstackBANK0  000060
___ftsub@f2                       cstackBANK0  000063
___fttol                          text26       0022F0
___fttol@exp1                     cstackBANK0  000093
___fttol@f1                       cstackBANK0  000085
___fttol@lval                     cstackBANK0  00008F
___fttol@sign1                    cstackBANK0  00008E
___inthi_sp                       stack        000000
___intlo_sp                       stack        000000
___lldiv                          text25       002B32
___lldiv@counter                  cstackCOMRAM 000023
___lldiv@dividend                 cstackCOMRAM 000017
___lldiv@divisor                  cstackCOMRAM 00001B
___lldiv@quotient                 cstackCOMRAM 00001F
___llmod                          text24       002C24
___llmod@counter                  cstackCOMRAM 00002C
___llmod@dividend                 cstackCOMRAM 000024
___llmod@divisor                  cstackCOMRAM 000028
___lltoft                         text23       002C8A
___lltoft@c                       cstackCOMRAM 00001F
___lltoft@exp                     cstackCOMRAM 000027
___param_bank                     (abs)        000000
___rparam_used                    (abs)        000001
___sp                             stack        000000
___wmul                           text17       002F88
___wmul@multiplicand              cstackCOMRAM 000027
___wmul@multiplier                cstackCOMRAM 000025
___wmul@product                   cstackCOMRAM 000029
__accesstop                       (abs)        000060
__activetblptr                    (abs)        000002
__div_to_l_                       text22       0027C0
__div_to_l_@cntr                  cstackCOMRAM 000021
__div_to_l_@exp1                  cstackCOMRAM 000022
__div_to_l_@f1                    cstackCOMRAM 000017
__div_to_l_@f2                    cstackCOMRAM 00001A
__div_to_l_@quot                  cstackCOMRAM 00001D
__end_of___awdiv                  text20       002B32
__end_of___awmod                  text19       002C24
__end_of___awtoft                 text32       002F26
__end_of___ftadd                  text28       001B98
__end_of___ftdiv                  text31       0022F0
__end_of___ftge                   text30       002A26
__end_of___ftmul                  text18       0021A4
__end_of___ftneg                  text29       002FD2
__end_of___ftpack                 text33       002996
__end_of___ftsub                  text27       002E7C
__end_of___fttol                  text26       002434
__end_of___lldiv                  text25       002BB4
__end_of___llmod                  text24       002C8A
__end_of___lltoft                 text23       002CE6
__end_of___wmul                   text17       002FAE
__end_of__div_to_l_               text22       0028E8
__end_of__initialization          cinit        002F4A
__end_of__npowers_                smallconst   000677
__end_of__powers_                 smallconst   000650
__end_of__tdiv_to_l_              text21       002566
__end_of_carbonMeasurement        text6        002046
__end_of_chanSel                  text5        002EEE
__end_of_dpowers                  smallconst   000629
__end_of_fround                   text16       0019EC
__end_of_initialize               text4        002AAE
__end_of_isdigit                  text15       003012
__end_of_isr                      intcode      00014C
__end_of_main                     text0        0027C0
__end_of_read_2bytes              text36       002EB6
__end_of_read_slave               text37       003046
__end_of_salinityMeasurement      text3        001EB8
__end_of_scale                    text14       001780
__end_of_sprintf                  text13       001352
__end_of_strcpy                   text12       002F88
__end_of_strlen                   text9        002DE2
__end_of_switchE                  text11       002FF4
__end_of_temperatureMeasurementC  text2        002696
__end_of_temperatureMeasurementF  text1        001D2A
__end_of_writeCMD                 text10       002E30
__end_of_writeChar                text8        002D90
__end_of_writeString              text7        002D3E
__end_of_write_slave              text35       003030
__initialization                  cinit        002F26
__mediumconst                     mediumconst  000000
__npowers_                        smallconst   000650
__pbssCOMRAM                      bssCOMRAM    000037
__pcinit                          cinit        002F26
__pcstackBANK0                    cstackBANK0  000060
__pcstackCOMRAM                   cstackCOMRAM 000001
__pdataCOMRAM                     dataCOMRAM   000045
__pidataCOMRAM                    idataCOMRAM  003046
__pintcode                        intcode      000008
__powers_                         smallconst   000629
__psmallconst                     smallconst   000600
__ptext0                          text0        002696
__ptext1                          text1        001B98
__ptext10                         text10       002DE2
__ptext11                         text11       002FD2
__ptext12                         text12       002F58
__ptext13                         text13       0006FA
__ptext14                         text14       001352
__ptext15                         text15       002FF4
__ptext16                         text16       001780
__ptext17                         text17       002F88
__ptext18                         text18       002046
__ptext19                         text19       002BB4
__ptext2                          text2        002566
__ptext20                         text20       002AAE
__ptext21                         text21       002434
__ptext22                         text22       0027C0
__ptext23                         text23       002C8A
__ptext24                         text24       002C24
__ptext25                         text25       002B32
__ptext26                         text26       0022F0
__ptext27                         text27       002E30
__ptext28                         text28       0019EC
__ptext29                         text29       002FAE
__ptext3                          text3        001D2A
__ptext30                         text30       002996
__ptext31                         text31       0021A4
__ptext32                         text32       002EEE
__ptext33                         text33       0028E8
__ptext35                         text35       003012
__ptext36                         text36       002E7C
__ptext37                         text37       003030
__ptext4                          text4        002A26
__ptext5                          text5        002EB6
__ptext6                          text6        001EB8
__ptext7                          text7        002CE6
__ptext8                          text8        002D3E
__ptext9                          text9        002D90
__ramtop                          ramtop       000600
__size_of___awdiv                 (abs)        000000
__size_of___awmod                 (abs)        000000
__size_of___awtoft                (abs)        000000
__size_of___ftadd                 (abs)        000000
__size_of___ftdiv                 (abs)        000000
__size_of___ftge                  (abs)        000000
__size_of___ftmul                 (abs)        000000
__size_of___ftneg                 (abs)        000000
__size_of___ftpack                (abs)        000000
__size_of___ftsub                 (abs)        000000
__size_of___fttol                 (abs)        000000
__size_of___lldiv                 (abs)        000000
__size_of___llmod                 (abs)        000000
__size_of___lltoft                (abs)        000000
__size_of___wmul                  (abs)        000000
__size_of__div_to_l_              (abs)        000000
__size_of__tdiv_to_l_             (abs)        000000
__size_of_carbonMeasurement       (abs)        000000
__size_of_chanSel                 (abs)        000000
__size_of_fround                  (abs)        000000
__size_of_initialize              (abs)        000000
__size_of_isdigit                 (abs)        000000
__size_of_isr                     (abs)        000000
__size_of_main                    (abs)        000000
__size_of_read_2bytes             (abs)        000000
__size_of_read_slave              (abs)        000000
__size_of_salinityMeasurement     (abs)        000000
__size_of_scale                   (abs)        000000
__size_of_sprintf                 (abs)        000000
__size_of_strcpy                  (abs)        000000
__size_of_strlen                  (abs)        000000
__size_of_switchE                 (abs)        000000
__size_of_temperatureMeasurementC (abs)        000000
__size_of_temperatureMeasurementF (abs)        000000
__size_of_writeCMD                (abs)        000000
__size_of_writeChar               (abs)        000000
__size_of_writeString             (abs)        000000
__size_of_write_slave             (abs)        000000
__smallconst                      smallconst   000600
__tdiv_to_l_                      text21       002434
__tdiv_to_l_@cntr                 cstackCOMRAM 000024
__tdiv_to_l_@exp1                 cstackCOMRAM 000025
__tdiv_to_l_@f1                   cstackCOMRAM 000017
__tdiv_to_l_@f2                   cstackCOMRAM 00001A
__tdiv_to_l_@quot                 cstackCOMRAM 000020
_carbon                           bssCOMRAM    00003B
_carbonMeasurement                text6        001EB8
_chanSel                          text5        002EB6
_count                            bssCOMRAM    000043
_dpowers                          smallconst   000601
_fround                           text16       001780
_fround$1524                      cstackBANK0  000084
_fround$1525                      cstackBANK0  000081
_index                            bssCOMRAM    000037
_initialize                       text4        002A26
_isdigit                          text15       002FF4
_isdigit$1161                     cstackCOMRAM 000018
_isr                              intcode      000008
_main                             text0        002696
_n                                bssCOMRAM    00003F
_random                           dataCOMRAM   000045
_read_2bytes                      text36       002E7C
_read_slave                       text37       003030
_salinity                         bssCOMRAM    000039
_salinityMeasurement              text3        001D2A
_scale                            text14       001352
_scale$1526                       cstackBANK0  000081
_sprintf                          text13       0006FA
_sprintf$1527                     cstackBANK0  0000A1
_strcpy                           text12       002F58
_strlen                           text9        002D90
_switchE                          text11       002FD2
_temperC_F                        bssCOMRAM    00003D
_temperatureMeasurementC          text2        002566
_temperatureMeasurementF          text1        001B98
_writeCMD                         text10       002DE2
_writeChar                        text8        002D3E
_writeString                      text7        002CE6
_write_slave                      text35       003012
btemp                             temp         000047
carbonMeasurement@Vin             cstackBANK0  0000EF
carbonMeasurement@carbon          cstackBANK0  0000EC
carbonMeasurement@str             cstackBANK0  0000BC
carbonMeasurement@str1            cstackBANK0  0000DC
carbonMeasurement@str2            cstackBANK0  0000CC
carbonMeasurement@x               cstackBANK0  0000BA
chanSel@chan                      cstackCOMRAM 000017
chanSel@digital                   cstackCOMRAM 00001B
end_of_initialization             cinit        002F4A
fround@prec                       cstackBANK0  000087
int$flags                         temp         000047
intlevel0                         text         000000
intlevel1                         text         000000
intlevel2                         text         000000
intlevel3                         text         000000
isdigit@c                         cstackCOMRAM 000019
read_2bytes@data                  cstackCOMRAM 000003
read_slave@byte1                  cstackCOMRAM 000001
salinityMeasurement@Vin           cstackBANK0  0000EF
salinityMeasurement@salinity      cstackBANK0  0000EC
salinityMeasurement@str           cstackBANK0  0000BC
salinityMeasurement@str1          cstackBANK0  0000DC
salinityMeasurement@str2          cstackBANK0  0000CC
salinityMeasurement@x             cstackBANK0  0000BA
scale@scl                         cstackBANK0  000084
sprintf@ap                        cstackBANK0  0000A4
sprintf@c                         cstackBANK0  0000B9
sprintf@exp                       cstackBANK0  0000AE
sprintf@f                         cstackBANK0  000096
sprintf@flag                      cstackBANK0  0000B0
sprintf@fval                      cstackBANK0  0000B4
sprintf@prec                      cstackBANK0  0000B7
sprintf@sp                        cstackBANK0  000094
sprintf@tmpval                    cstackBANK0  0000A6
sprintf@val                       cstackBANK0  0000AA
sprintf@width                     cstackBANK0  0000B2
stackhi                           (abs)        0005FF
stacklo                           (abs)        0000F3
start                             init         00014C
start_initialization              cinit        002F26
strcpy@cp                         cstackCOMRAM 00001B
strcpy@from                       cstackCOMRAM 000019
strcpy@to                         cstackCOMRAM 000017
strlen@cp                         cstackCOMRAM 00001B
strlen@s                          cstackCOMRAM 000017
temperatureMeasurementC@Vin       cstackBANK0  0000EC
temperatureMeasurementC@str       cstackBANK0  0000BC
temperatureMeasurementC@str1      cstackBANK0  0000DC
temperatureMeasurementC@str2      cstackBANK0  0000CC
temperatureMeasurementC@temp      cstackBANK0  0000EF
temperatureMeasurementC@x         cstackBANK0  0000BA
temperatureMeasurementF@F         cstackBANK0  0000F1
temperatureMeasurementF@Vin       cstackBANK0  0000EC
temperatureMeasurementF@str       cstackBANK0  0000BC
temperatureMeasurementF@str1      cstackBANK0  0000DC
temperatureMeasurementF@str2      cstackBANK0  0000CC
temperatureMeasurementF@temp      cstackBANK0  0000EF
temperatureMeasurementF@x         cstackBANK0  0000BA
writeCMD@cmd                      cstackCOMRAM 00001A
writeCMD@i                        cstackCOMRAM 00001B
writeChar@ch                      cstackCOMRAM 00001A
writeChar@i                       cstackCOMRAM 00001B
writeString@i                     cstackCOMRAM 000021
writeString@str                   cstackCOMRAM 00001D
write_slave@temp                  cstackCOMRAM 000003
wtemp6                            temp         000048


FUNCTION INFORMATION:

 *************** function _main *****************
 Defined at:
		line 270 in file "temp.c"
 Parameters:    Size  Location     Type
		None
 Auto vars:     Size  Location     Type
		None
 Return value:  Size  Location     Type
                  1    wreg      void 
 Registers used:
		wreg, fsr0l, fsr0h, fsr2l, fsr2h, status,2, status,0, tblptrl, tblptrh, tblptru, prodl, prodh, cstack
 Tracked objects:
		On entry : 
		On exit  : 
		Unchanged: 
 Data sizes:     COMRAM   BANK0   BANK1   BANK2   BANK3   BANK4   BANK5
      Params:         0       0       0       0       0       0       0
      Locals:         0       0       0       0       0       0       0
      Temps:          0       0       0       0       0       0       0
      Totals:         0       0       0       0       0       0       0
Total ram usage:        0 bytes
 Hardware stack levels required when called:    8
 This function calls:
		_carbonMeasurement
		_chanSel
		_initialize
		_salinityMeasurement
		_temperatureMeasurementC
		_temperatureMeasurementF
		_writeCMD
		_writeChar
		_writeString
 This function is called by:
		Startup code after reset
 This function uses a non-reentrant model


 *************** function _temperatureMeasurementF *****************
 Defined at:
		line 128 in file "temp.c"
 Parameters:    Size  Location     Type
  x               2   90[BANK0 ] int 
 Auto vars:     Size  Location     Type
  str1           16  124[BANK0 ] unsigned char [16]
  str2           16  108[BANK0 ] unsigned char [16]
  str            16   92[BANK0 ] unsigned char [16]
  Vin             3  140[BANK0 ] float 
  F               2  145[BANK0 ] int 
  temp            2  143[BANK0 ] int 
 Return value:  Size  Location     Type
                  1    wreg      void 
 Registers used:
		wreg, fsr0l, fsr0h, fsr2l, fsr2h, status,2, status,0, tblptrl, tblptrh, tblptru, prodl, prodh, cstack
 Tracked objects:
		On entry : 
		On exit  : 
		Unchanged: 
 Data sizes:     COMRAM   BANK0   BANK1   BANK2   BANK3   BANK4   BANK5
      Params:         0       2       0       0       0       0       0
      Locals:         0      55       0       0       0       0       0
      Temps:          0       0       0       0       0       0       0
      Totals:         0      57       0       0       0       0       0
Total ram usage:       57 bytes
 Hardware stack levels used:    1
 Hardware stack levels required when called:    7
 This function calls:
		___awtoft
		___ftadd
		___ftdiv
		___ftmul
		___fttol
		_sprintf
		_strcpy
		_writeCMD
		_writeChar
		_writeString
 This function is called by:
		_main
 This function uses a non-reentrant model


 *************** function _temperatureMeasurementC *****************
 Defined at:
		line 109 in file "temp.c"
 Parameters:    Size  Location     Type
  x               2   90[BANK0 ] int 
 Auto vars:     Size  Location     Type
  str1           16  124[BANK0 ] unsigned char [16]
  str2           16  108[BANK0 ] unsigned char [16]
  str            16   92[BANK0 ] unsigned char [16]
  Vin             3  140[BANK0 ] float 
  temp            2  143[BANK0 ] int 
 Return value:  Size  Location     Type
                  1    wreg      void 
 Registers used:
		wreg, fsr0l, fsr0h, fsr2l, fsr2h, status,2, status,0, tblptrl, tblptrh, tblptru, prodl, prodh, cstack
 Tracked objects:
		On entry : 
		On exit  : 
		Unchanged: 
 Data sizes:     COMRAM   BANK0   BANK1   BANK2   BANK3   BANK4   BANK5
      Params:         0       2       0       0       0       0       0
      Locals:         0      53       0       0       0       0       0
      Temps:          0       0       0       0       0       0       0
      Totals:         0      55       0       0       0       0       0
Total ram usage:       55 bytes
 Hardware stack levels used:    1
 Hardware stack levels required when called:    7
 This function calls:
		___awtoft
		___ftadd
		___ftdiv
		___ftmul
		___fttol
		_sprintf
		_strcpy
		_writeCMD
		_writeChar
		_writeString
 This function is called by:
		_main
 This function uses a non-reentrant model


 *************** function _salinityMeasurement *****************
 Defined at:
		line 166 in file "temp.c"
 Parameters:    Size  Location     Type
  x               2   90[BANK0 ] int 
 Auto vars:     Size  Location     Type
  str1           16  124[BANK0 ] unsigned char [16]
  str2           16  108[BANK0 ] unsigned char [16]
  str            16   92[BANK0 ] unsigned char [16]
  Vin             3  143[BANK0 ] float 
  salinity        3  140[BANK0 ] float 
 Return value:  Size  Location     Type
                  1    wreg      void 
 Registers used:
		wreg, fsr0l, fsr0h, fsr2l, fsr2h, status,2, status,0, tblptrl, tblptrh, tblptru, prodl, prodh, cstack
 Tracked objects:
		On entry : 
		On exit  : 
		Unchanged: 
 Data sizes:     COMRAM   BANK0   BANK1   BANK2   BANK3   BANK4   BANK5
      Params:         0       2       0       0       0       0       0
      Locals:         0      54       0       0       0       0       0
      Temps:          0       0       0       0       0       0       0
      Totals:         0      56       0       0       0       0       0
Total ram usage:       56 bytes
 Hardware stack levels used:    1
 Hardware stack levels required when called:    7
 This function calls:
		___awtoft
		___ftadd
		___ftdiv
		___ftmul
		_sprintf
		_strcpy
		_writeCMD
		_writeString
 This function is called by:
		_main
 This function uses a non-reentrant model


 *************** function _initialize *****************
 Defined at:
		line 73 in file "temp.c"
 Parameters:    Size  Location     Type
		None
 Auto vars:     Size  Location     Type
		None
 Return value:  Size  Location     Type
                  1    wreg      void 
 Registers used:
		wreg, status,2, status,0, cstack
 Tracked objects:
		On entry : 
		On exit  : 
		Unchanged: 
 Data sizes:     COMRAM   BANK0   BANK1   BANK2   BANK3   BANK4   BANK5
      Params:         0       0       0       0       0       0       0
      Locals:         0       0       0       0       0       0       0
      Temps:          1       0       0       0       0       0       0
      Totals:         1       0       0       0       0       0       0
Total ram usage:        1 bytes
 Hardware stack levels used:    1
 Hardware stack levels required when called:    5
 This function calls:
		_writeCMD
 This function is called by:
		_main
 This function uses a non-reentrant model


 *************** function _chanSel *****************
 Defined at:
		line 185 in file "temp.c"
 Parameters:    Size  Location     Type
  chan            2   22[COMRAM] int 
 Auto vars:     Size  Location     Type
  digital         2   26[COMRAM] unsigned int 
 Return value:  Size  Location     Type
                  2   22[COMRAM] int 
 Registers used:
		wreg, status,2, status,0
 Tracked objects:
		On entry : 
		On exit  : 
		Unchanged: 
 Data sizes:     COMRAM   BANK0   BANK1   BANK2   BANK3   BANK4   BANK5
      Params:         2       0       0       0       0       0       0
      Locals:         2       0       0       0       0       0       0
      Temps:          2       0       0       0       0       0       0
      Totals:         6       0       0       0       0       0       0
Total ram usage:        6 bytes
 Hardware stack levels used:    1
 Hardware stack levels required when called:    3
 This function calls:
		Nothing
 This function is called by:
		_main
 This function uses a non-reentrant model


 *************** function _carbonMeasurement *****************
 Defined at:
		line 147 in file "temp.c"
 Parameters:    Size  Location     Type
  x               2   90[BANK0 ] int 
 Auto vars:     Size  Location     Type
  str1           16  124[BANK0 ] unsigned char [16]
  str2           16  108[BANK0 ] unsigned char [16]
  str            16   92[BANK0 ] unsigned char [16]
  Vin             3  143[BANK0 ] float 
  carbon          3  140[BANK0 ] float 
 Return value:  Size  Location     Type
                  1    wreg      void 
 Registers used:
		wreg, fsr0l, fsr0h, fsr2l, fsr2h, status,2, status,0, tblptrl, tblptrh, tblptru, prodl, prodh, cstack
 Tracked objects:
		On entry : 
		On exit  : 
		Unchanged: 
 Data sizes:     COMRAM   BANK0   BANK1   BANK2   BANK3   BANK4   BANK5
      Params:         0       2       0       0       0       0       0
      Locals:         0      54       0       0       0       0       0
      Temps:          0       0       0       0       0       0       0
      Totals:         0      56       0       0       0       0       0
Total ram usage:       56 bytes
 Hardware stack levels used:    1
 Hardware stack levels required when called:    7
 This function calls:
		___awtoft
		___ftadd
		___ftdiv
		___ftmul
		_sprintf
		_strcpy
		_writeCMD
		_writeString
 This function is called by:
		_main
 This function uses a non-reentrant model


 *************** function _writeString *****************
 Defined at:
		line 100 in file "temp.c"
 Parameters:    Size  Location     Type
  str             2   28[COMRAM] PTR unsigned char 
		 -> STR_13(12), salinityMeasurement@str2(16), salinityMeasurement@str1(16), salinityMeasurement@str(16), 
		 -> carbonMeasurement@str2(16), carbonMeasurement@str1(16), carbonMeasurement@str(16), temperatureMeasurementF@str2(16), 
		 -> temperatureMeasurementF@str1(16), temperatureMeasurementF@str(16), temperatureMeasurementC@str2(16), temperatureMeasurementC@str1(16), 
		 -> temperatureMeasurementC@str(16), 
 Auto vars:     Size  Location     Type
  i               2   32[COMRAM] int 
 Return value:  Size  Location     Type
                  1    wreg      void 
 Registers used:
		wreg, fsr0l, fsr0h, status,2, status,0, tblptrl, tblptrh, tblptru, cstack
 Tracked objects:
		On entry : 
		On exit  : 
		Unchanged: 
 Data sizes:     COMRAM   BANK0   BANK1   BANK2   BANK3   BANK4   BANK5
      Params:         2       0       0       0       0       0       0
      Locals:         2       0       0       0       0       0       0
      Temps:          2       0       0       0       0       0       0
      Totals:         6       0       0       0       0       0       0
Total ram usage:        6 bytes
 Hardware stack levels used:    1
 Hardware stack levels required when called:    5
 This function calls:
		_strlen
		_writeChar
 This function is called by:
		_temperatureMeasurementC
		_temperatureMeasurementF
		_carbonMeasurement
		_salinityMeasurement
		_main
 This function uses a non-reentrant model


 *************** function _writeChar *****************
 Defined at:
		line 39 in file "temp.c"
 Parameters:    Size  Location     Type
  ch              1    wreg     unsigned char 
 Auto vars:     Size  Location     Type
  ch              1   25[COMRAM] unsigned char 
  i               2   26[COMRAM] int 
 Return value:  Size  Location     Type
                  1    wreg      void 
 Registers used:
		wreg, status,2, status,0, cstack
 Tracked objects:
		On entry : 
		On exit  : 
		Unchanged: 
 Data sizes:     COMRAM   BANK0   BANK1   BANK2   BANK3   BANK4   BANK5
      Params:         0       0       0       0       0       0       0
      Locals:         3       0       0       0       0       0       0
      Temps:          2       0       0       0       0       0       0
      Totals:         5       0       0       0       0       0       0
Total ram usage:        5 bytes
 Hardware stack levels used:    1
 Hardware stack levels required when called:    4
 This function calls:
		_switchE
 This function is called by:
		_writeString
		_temperatureMeasurementC
		_temperatureMeasurementF
		_main
 This function uses a non-reentrant model


 *************** function _strlen *****************
 Defined at:
		line 4 in file "C:\Program Files (x86)\Microchip\xc8\v1.43\sources\common\strlen.c"
 Parameters:    Size  Location     Type
  s               2   22[COMRAM] PTR const unsigned char 
		 -> STR_13(12), salinityMeasurement@str2(16), salinityMeasurement@str1(16), salinityMeasurement@str(16), 
		 -> carbonMeasurement@str2(16), carbonMeasurement@str1(16), carbonMeasurement@str(16), temperatureMeasurementF@str2(16), 
		 -> temperatureMeasurementF@str1(16), temperatureMeasurementF@str(16), temperatureMeasurementC@str2(16), temperatureMeasurementC@str1(16), 
		 -> temperatureMeasurementC@str(16), 
 Auto vars:     Size  Location     Type
  cp              2   26[COMRAM] PTR const unsigned char 
		 -> STR_13(12), salinityMeasurement@str2(16), salinityMeasurement@str1(16), salinityMeasurement@str(16), 
		 -> carbonMeasurement@str2(16), carbonMeasurement@str1(16), carbonMeasurement@str(16), temperatureMeasurementF@str2(16), 
		 -> temperatureMeasurementF@str1(16), temperatureMeasurementF@str(16), temperatureMeasurementC@str2(16), temperatureMeasurementC@str1(16), 
		 -> temperatureMeasurementC@str(16), 
 Return value:  Size  Location     Type
                  2   22[COMRAM] unsigned int 
 Registers used:
		wreg, fsr0l, fsr0h, status,2, status,0, tblptrl, tblptrh, tblptru
 Tracked objects:
		On entry : 
		On exit  : 
		Unchanged: 
 Data sizes:     COMRAM   BANK0   BANK1   BANK2   BANK3   BANK4   BANK5
      Params:         2       0       0       0       0       0       0
      Locals:         2       0       0       0       0       0       0
      Temps:          2       0       0       0       0       0       0
      Totals:         6       0       0       0       0       0       0
Total ram usage:        6 bytes
 Hardware stack levels used:    1
 Hardware stack levels required when called:    3
 This function calls:
		Nothing
 This function is called by:
		_writeString
 This function uses a non-reentrant model


 *************** function _writeCMD *****************
 Defined at:
		line 55 in file "temp.c"
 Parameters:    Size  Location     Type
  cmd             1    wreg     unsigned char 
 Auto vars:     Size  Location     Type
  cmd             1   25[COMRAM] unsigned char 
  i               2   26[COMRAM] int 
 Return value:  Size  Location     Type
                  1    wreg      void 
 Registers used:
		wreg, status,2, status,0, cstack
 Tracked objects:
		On entry : 
		On exit  : 
		Unchanged: 
 Data sizes:     COMRAM   BANK0   BANK1   BANK2   BANK3   BANK4   BANK5
      Params:         0       0       0       0       0       0       0
      Locals:         3       0       0       0       0       0       0
      Temps:          2       0       0       0       0       0       0
      Totals:         5       0       0       0       0       0       0
Total ram usage:        5 bytes
 Hardware stack levels used:    1
 Hardware stack levels required when called:    4
 This function calls:
		_switchE
 This function is called by:
		_initialize
		_temperatureMeasurementC
		_temperatureMeasurementF
		_carbonMeasurement
		_salinityMeasurement
		_main
 This function uses a non-reentrant model


 *************** function _switchE *****************
 Defined at:
		line 32 in file "temp.c"
 Parameters:    Size  Location     Type
		None
 Auto vars:     Size  Location     Type
		None
 Return value:  Size  Location     Type
                  1    wreg      void 
 Registers used:
		wreg
 Tracked objects:
		On entry : 
		On exit  : 
		Unchanged: 
 Data sizes:     COMRAM   BANK0   BANK1   BANK2   BANK3   BANK4   BANK5
      Params:         0       0       0       0       0       0       0
      Locals:         0       0       0       0       0       0       0
      Temps:          1       0       0       0       0       0       0
      Totals:         1       0       0       0       0       0       0
Total ram usage:        1 bytes
 Hardware stack levels used:    1
 Hardware stack levels required when called:    3
 This function calls:
		Nothing
 This function is called by:
		_writeChar
		_writeCMD
 This function uses a non-reentrant model


 *************** function _strcpy *****************
 Defined at:
		line 8 in file "C:\Program Files (x86)\Microchip\xc8\v1.43\sources\common\strcpy.c"
 Parameters:    Size  Location     Type
  to              2   22[COMRAM] PTR unsigned char 
		 -> salinityMeasurement@str2(16), salinityMeasurement@str(16), carbonMeasurement@str2(16), carbonMeasurement@str(16), 
		 -> temperatureMeasurementF@str2(16), temperatureMeasurementF@str(16), temperatureMeasurementC@str2(16), temperatureMeasurementC@str(16), 
  from            2   24[COMRAM] PTR const unsigned char 
		 -> STR_12(14), STR_10(17), STR_9(14), STR_7(16), 
		 -> STR_6(15), STR_4(17), STR_3(15), STR_1(17), 
 Auto vars:     Size  Location     Type
  cp              2   26[COMRAM] PTR unsigned char 
		 -> salinityMeasurement@str2(16), salinityMeasurement@str(16), carbonMeasurement@str2(16), carbonMeasurement@str(16), 
		 -> temperatureMeasurementF@str2(16), temperatureMeasurementF@str(16), temperatureMeasurementC@str2(16), temperatureMeasurementC@str(16), 
 Return value:  Size  Location     Type
                  2   22[COMRAM] PTR unsigned char 
 Registers used:
		wreg, fsr2l, fsr2h, status,2, status,0, tblptrl, tblptrh, tblptru
 Tracked objects:
		On entry : 
		On exit  : 
		Unchanged: 
 Data sizes:     COMRAM   BANK0   BANK1   BANK2   BANK3   BANK4   BANK5
      Params:         4       0       0       0       0       0       0
      Locals:         2       0       0       0       0       0       0
      Temps:          0       0       0       0       0       0       0
      Totals:         6       0       0       0       0       0       0
Total ram usage:        6 bytes
 Hardware stack levels used:    1
 Hardware stack levels required when called:    3
 This function calls:
		Nothing
 This function is called by:
		_temperatureMeasurementC
		_temperatureMeasurementF
		_carbonMeasurement
		_salinityMeasurement
 This function uses a non-reentrant model


 *************** function _sprintf *****************
 Defined at:
		line 492 in file "C:\Program Files (x86)\Microchip\xc8\v1.43\sources\common\doprnt.c"
 Parameters:    Size  Location     Type
  sp              2   52[BANK0 ] PTR unsigned char 
		 -> salinityMeasurement@str1(16), carbonMeasurement@str1(16), temperatureMeasurementF@str1(16), temperatureMeasurementC@str1(16), 
  f               2   54[BANK0 ] PTR const unsigned char 
		 -> STR_11(6), STR_8(6), STR_5(3), STR_2(3), 
 Auto vars:     Size  Location     Type
  val             4   74[BANK0 ] unsigned long 
  tmpval          4   70[BANK0 ] struct .
  fval            3   84[BANK0 ] struct .
  cp              3    0        PTR const unsigned char 
  prec            2   87[BANK0 ] int 
  width           2   82[BANK0 ] int 
  flag            2   80[BANK0 ] unsigned short 
  exp             2   78[BANK0 ] int 
  ap              2   68[BANK0 ] PTR void [1]
		 -> ?_sprintf(2), 
  len             2    0        unsigned int 
  c               1   89[BANK0 ] char 
  d               1    0        unsigned char 
 Return value:  Size  Location     Type
                  2   52[BANK0 ] int 
 Registers used:
		wreg, fsr2l, fsr2h, status,2, status,0, tblptrl, tblptrh, tblptru, prodl, prodh, cstack
 Tracked objects:
		On entry : 
		On exit  : 
		Unchanged: 
 Data sizes:     COMRAM   BANK0   BANK1   BANK2   BANK3   BANK4   BANK5
      Params:         0       7       0       0       0       0       0
      Locals:         0      25       0       0       0       0       0
      Temps:          0       6       0       0       0       0       0
      Totals:         0      38       0       0       0       0       0
Total ram usage:       38 bytes
 Hardware stack levels used:    1
 Hardware stack levels required when called:    6
 This function calls:
		___awdiv
		___ftadd
		___ftge
		___ftmul
		___ftneg
		___ftsub
		___fttol
		___lldiv
		___llmod
		___lltoft
		___wmul
		__div_to_l_
		__tdiv_to_l_
		_fround
		_isdigit
		_scale
 This function is called by:
		_temperatureMeasurementC
		_temperatureMeasurementF
		_carbonMeasurement
		_salinityMeasurement
 This function uses a non-reentrant model


 *************** function _scale *****************
 Defined at:
		line 425 in file "C:\Program Files (x86)\Microchip\xc8\v1.43\sources\common\doprnt.c"
 Parameters:    Size  Location     Type
  scl             1    wreg     char 
 Auto vars:     Size  Location     Type
  scl             1   36[BANK0 ] char 
 Return value:  Size  Location     Type
                  3   30[BANK0 ] char 
 Registers used:
		wreg, status,2, status,0, tblptrl, tblptrh, tblptru, prodl, prodh, cstack
 Tracked objects:
		On entry : 
		On exit  : 
		Unchanged: 
 Data sizes:     COMRAM   BANK0   BANK1   BANK2   BANK3   BANK4   BANK5
      Params:         0       3       0       0       0       0       0
      Locals:         0       4       0       0       0       0       0
      Temps:          0       0       0       0       0       0       0
      Totals:         0       7       0       0       0       0       0
Total ram usage:        7 bytes
 Hardware stack levels used:    1
 Hardware stack levels required when called:    5
 This function calls:
		___awdiv
		___awmod
		___ftmul
		___wmul
 This function is called by:
		_sprintf
 This function uses a non-reentrant model


 *************** function _isdigit *****************
 Defined at:
		line 8 in file "C:\Program Files (x86)\Microchip\xc8\v1.43\sources\common\isdigit.c"
 Parameters:    Size  Location     Type
  c               1    wreg     unsigned char 
 Auto vars:     Size  Location     Type
  c               1   24[COMRAM] unsigned char 
 Return value:  Size  Location     Type
		None               void
 Registers used:
		wreg, status,2, status,0
 Tracked objects:
		On entry : 
		On exit  : 
		Unchanged: 
 Data sizes:     COMRAM   BANK0   BANK1   BANK2   BANK3   BANK4   BANK5
      Params:         0       0       0       0       0       0       0
      Locals:         2       0       0       0       0       0       0
      Temps:          1       0       0       0       0       0       0
      Totals:         3       0       0       0       0       0       0
Total ram usage:        3 bytes
 Hardware stack levels used:    1
 Hardware stack levels required when called:    3
 This function calls:
		Nothing
 This function is called by:
		_sprintf
 This function uses a non-reentrant model


 *************** function _fround *****************
 Defined at:
		line 409 in file "C:\Program Files (x86)\Microchip\xc8\v1.43\sources\common\doprnt.c"
 Parameters:    Size  Location     Type
  prec            1    wreg     unsigned char 
 Auto vars:     Size  Location     Type
  prec            1   39[BANK0 ] unsigned char 
 Return value:  Size  Location     Type
                  3   30[BANK0 ] unsigned char 
 Registers used:
		wreg, status,2, status,0, tblptrl, tblptrh, tblptru, prodl, prodh, cstack
 Tracked objects:
		On entry : 
		On exit  : 
		Unchanged: 
 Data sizes:     COMRAM   BANK0   BANK1   BANK2   BANK3   BANK4   BANK5
      Params:         0       3       0       0       0       0       0
      Locals:         0       7       0       0       0       0       0
      Temps:          0       0       0       0       0       0       0
      Totals:         0      10       0       0       0       0       0
Total ram usage:       10 bytes
 Hardware stack levels used:    1
 Hardware stack levels required when called:    5
 This function calls:
		___awdiv
		___awmod
		___ftmul
		___wmul
 This function is called by:
		_sprintf
 This function uses a non-reentrant model


 *************** function ___wmul *****************
 Defined at:
		line 15 in file "C:\Program Files (x86)\Microchip\xc8\v1.43\sources\common\Umul16.c"
 Parameters:    Size  Location     Type
  multiplier      2   36[COMRAM] unsigned int 
  multiplicand    2   38[COMRAM] unsigned int 
 Auto vars:     Size  Location     Type
  product         2   40[COMRAM] unsigned int 
 Return value:  Size  Location     Type
                  2   36[COMRAM] unsigned int 
 Registers used:
		wreg, status,2, status,0, prodl, prodh
 Tracked objects:
		On entry : 
		On exit  : 
		Unchanged: 
 Data sizes:     COMRAM   BANK0   BANK1   BANK2   BANK3   BANK4   BANK5
      Params:         4       0       0       0       0       0       0
      Locals:         2       0       0       0       0       0       0
      Temps:          0       0       0       0       0       0       0
      Totals:         6       0       0       0       0       0       0
Total ram usage:        6 bytes
 Hardware stack levels used:    1
 Hardware stack levels required when called:    3
 This function calls:
		Nothing
 This function is called by:
		_fround
		_scale
		_sprintf
 This function uses a non-reentrant model


 *************** function ___ftmul *****************
 Defined at:
		line 62 in file "C:\Program Files (x86)\Microchip\xc8\v1.43\sources\common\ftmul.c"
 Parameters:    Size  Location     Type
  f1              3   15[BANK0 ] float 
  f2              3   18[BANK0 ] float 
 Auto vars:     Size  Location     Type
  f3_as_produc    3   25[BANK0 ] unsigned um
  sign            1   29[BANK0 ] unsigned char 
  cntr            1   28[BANK0 ] unsigned char 
  exp             1   24[BANK0 ] unsigned char 
 Return value:  Size  Location     Type
                  3   15[BANK0 ] float 
 Registers used:
		wreg, status,2, status,0, cstack
 Tracked objects:
		On entry : 
		On exit  : 
		Unchanged: 
 Data sizes:     COMRAM   BANK0   BANK1   BANK2   BANK3   BANK4   BANK5
      Params:         0       6       0       0       0       0       0
      Locals:         0       6       0       0       0       0       0
      Temps:          0       3       0       0       0       0       0
      Totals:         0      15       0       0       0       0       0
Total ram usage:       15 bytes
 Hardware stack levels used:    1
 Hardware stack levels required when called:    4
 This function calls:
		___ftpack
 This function is called by:
		_temperatureMeasurementC
		_temperatureMeasurementF
		_carbonMeasurement
		_salinityMeasurement
		_fround
		_scale
		_sprintf
 This function uses a non-reentrant model


 *************** function ___awmod *****************
 Defined at:
		line 8 in file "C:\Program Files (x86)\Microchip\xc8\v1.43\sources\common\awmod.c"
 Parameters:    Size  Location     Type
  dividend        2   22[COMRAM] int 
  divisor         2   24[COMRAM] int 
 Auto vars:     Size  Location     Type
  sign            1   27[COMRAM] unsigned char 
  counter         1   26[COMRAM] unsigned char 
 Return value:  Size  Location     Type
                  2   22[COMRAM] int 
 Registers used:
		wreg, status,2, status,0
 Tracked objects:
		On entry : 
		On exit  : 
		Unchanged: 
 Data sizes:     COMRAM   BANK0   BANK1   BANK2   BANK3   BANK4   BANK5
      Params:         4       0       0       0       0       0       0
      Locals:         2       0       0       0       0       0       0
      Temps:          0       0       0       0       0       0       0
      Totals:         6       0       0       0       0       0       0
Total ram usage:        6 bytes
 Hardware stack levels used:    1
 Hardware stack levels required when called:    3
 This function calls:
		Nothing
 This function is called by:
		_fround
		_scale
 This function uses a non-reentrant model


 *************** function ___awdiv *****************
 Defined at:
		line 8 in file "C:\Program Files (x86)\Microchip\xc8\v1.43\sources\common\awdiv.c"
 Parameters:    Size  Location     Type
  dividend        2   28[COMRAM] int 
  divisor         2   30[COMRAM] int 
 Auto vars:     Size  Location     Type
  quotient        2   34[COMRAM] int 
  sign            1   33[COMRAM] unsigned char 
  counter         1   32[COMRAM] unsigned char 
 Return value:  Size  Location     Type
                  2   28[COMRAM] int 
 Registers used:
		wreg, status,2, status,0
 Tracked objects:
		On entry : 
		On exit  : 
		Unchanged: 
 Data sizes:     COMRAM   BANK0   BANK1   BANK2   BANK3   BANK4   BANK5
      Params:         4       0       0       0       0       0       0
      Locals:         4       0       0       0       0       0       0
      Temps:          0       0       0       0       0       0       0
      Totals:         8       0       0       0       0       0       0
Total ram usage:        8 bytes
 Hardware stack levels used:    1
 Hardware stack levels required when called:    3
 This function calls:
		Nothing
 This function is called by:
		_fround
		_scale
		_sprintf
 This function uses a non-reentrant model


 *************** function __tdiv_to_l_ *****************
 Defined at:
		line 60 in file "C:\Program Files (x86)\Microchip\xc8\v1.43\sources\common\ftdivl.c"
 Parameters:    Size  Location     Type
  f1              3   22[COMRAM] float 
  f2              3   25[COMRAM] float 
 Auto vars:     Size  Location     Type
  quot            4   31[COMRAM] unsigned long 
  exp1            1   36[COMRAM] unsigned char 
  cntr            1   35[COMRAM] unsigned char 
 Return value:  Size  Location     Type
                  4   22[COMRAM] unsigned long 
 Registers used:
		wreg, status,2, status,0
 Tracked objects:
		On entry : 
		On exit  : 
		Unchanged: 
 Data sizes:     COMRAM   BANK0   BANK1   BANK2   BANK3   BANK4   BANK5
      Params:         6       0       0       0       0       0       0
      Locals:         6       0       0       0       0       0       0
      Temps:          3       0       0       0       0       0       0
      Totals:        15       0       0       0       0       0       0
Total ram usage:       15 bytes
 Hardware stack levels used:    1
 Hardware stack levels required when called:    3
 This function calls:
		Nothing
 This function is called by:
		_sprintf
 This function uses a non-reentrant model


 *************** function __div_to_l_ *****************
 Defined at:
		line 60 in file "C:\Program Files (x86)\Microchip\xc8\v1.43\sources\common\fldivl.c"
 Parameters:    Size  Location     Type
  f1              3   22[COMRAM] unsigned long 
  f2              3   25[COMRAM] unsigned long 
 Auto vars:     Size  Location     Type
  quot            4   28[COMRAM] unsigned long 
  exp1            1   33[COMRAM] unsigned char 
  cntr            1   32[COMRAM] unsigned char 
 Return value:  Size  Location     Type
                  4   22[COMRAM] unsigned long 
 Registers used:
		wreg, status,2, status,0
 Tracked objects:
		On entry : 
		On exit  : 
		Unchanged: 
 Data sizes:     COMRAM   BANK0   BANK1   BANK2   BANK3   BANK4   BANK5
      Params:         6       0       0       0       0       0       0
      Locals:         6       0       0       0       0       0       0
      Temps:          0       0       0       0       0       0       0
      Totals:        12       0       0       0       0       0       0
Total ram usage:       12 bytes
 Hardware stack levels used:    1
 Hardware stack levels required when called:    3
 This function calls:
		Nothing
 This function is called by:
		_sprintf
 This function uses a non-reentrant model


 *************** function ___lltoft *****************
 Defined at:
		line 35 in file "C:\Program Files (x86)\Microchip\xc8\v1.43\sources\common\lltoft.c"
 Parameters:    Size  Location     Type
  c               4   30[COMRAM] unsigned long 
 Auto vars:     Size  Location     Type
  exp             1   38[COMRAM] unsigned char 
 Return value:  Size  Location     Type
                  3   30[COMRAM] float 
 Registers used:
		wreg, status,2, status,0, cstack
 Tracked objects:
		On entry : 
		On exit  : 
		Unchanged: 
 Data sizes:     COMRAM   BANK0   BANK1   BANK2   BANK3   BANK4   BANK5
      Params:         4       0       0       0       0       0       0
      Locals:         1       0       0       0       0       0       0
      Temps:          4       0       0       0       0       0       0
      Totals:         9       0       0       0       0       0       0
Total ram usage:        9 bytes
 Hardware stack levels used:    1
 Hardware stack levels required when called:    4
 This function calls:
		___ftpack
 This function is called by:
		_sprintf
 This function uses a non-reentrant model


 *************** function ___llmod *****************
 Defined at:
		line 8 in file "C:\Program Files (x86)\Microchip\xc8\v1.43\sources\common\llmod.c"
 Parameters:    Size  Location     Type
  dividend        4   35[COMRAM] unsigned long 
  divisor         4   39[COMRAM] unsigned long 
 Auto vars:     Size  Location     Type
  counter         1   43[COMRAM] unsigned char 
 Return value:  Size  Location     Type
                  4   35[COMRAM] unsigned long 
 Registers used:
		wreg, status,2, status,0
 Tracked objects:
		On entry : 
		On exit  : 
		Unchanged: 
 Data sizes:     COMRAM   BANK0   BANK1   BANK2   BANK3   BANK4   BANK5
      Params:         8       0       0       0       0       0       0
      Locals:         1       0       0       0       0       0       0
      Temps:          0       0       0       0       0       0       0
      Totals:         9       0       0       0       0       0       0
Total ram usage:        9 bytes
 Hardware stack levels used:    1
 Hardware stack levels required when called:    3
 This function calls:
		Nothing
 This function is called by:
		_sprintf
 This function uses a non-reentrant model


 *************** function ___lldiv *****************
 Defined at:
		line 8 in file "C:\Program Files (x86)\Microchip\xc8\v1.43\sources\common\lldiv.c"
 Parameters:    Size  Location     Type
  dividend        4   22[COMRAM] unsigned long 
  divisor         4   26[COMRAM] unsigned long 
 Auto vars:     Size  Location     Type
  quotient        4   30[COMRAM] unsigned long 
  counter         1   34[COMRAM] unsigned char 
 Return value:  Size  Location     Type
                  4   22[COMRAM] unsigned long 
 Registers used:
		wreg, status,2, status,0
 Tracked objects:
		On entry : 
		On exit  : 
		Unchanged: 
 Data sizes:     COMRAM   BANK0   BANK1   BANK2   BANK3   BANK4   BANK5
      Params:         8       0       0       0       0       0       0
      Locals:         5       0       0       0       0       0       0
      Temps:          0       0       0       0       0       0       0
      Totals:        13       0       0       0       0       0       0
Total ram usage:       13 bytes
 Hardware stack levels used:    1
 Hardware stack levels required when called:    3
 This function calls:
		Nothing
 This function is called by:
		_sprintf
 This function uses a non-reentrant model


 *************** function ___fttol *****************
 Defined at:
		line 44 in file "C:\Program Files (x86)\Microchip\xc8\v1.43\sources\common\fttol.c"
 Parameters:    Size  Location     Type
  f1              3   37[BANK0 ] float 
 Auto vars:     Size  Location     Type
  lval            4   47[BANK0 ] unsigned long 
  exp1            1   51[BANK0 ] unsigned char 
  sign1           1   46[BANK0 ] unsigned char 
 Return value:  Size  Location     Type
                  4   37[BANK0 ] long 
 Registers used:
		wreg, status,2, status,0
 Tracked objects:
		On entry : 
		On exit  : 
		Unchanged: 
 Data sizes:     COMRAM   BANK0   BANK1   BANK2   BANK3   BANK4   BANK5
      Params:         0       4       0       0       0       0       0
      Locals:         0       6       0       0       0       0       0
      Temps:          0       5       0       0       0       0       0
      Totals:         0      15       0       0       0       0       0
Total ram usage:       15 bytes
 Hardware stack levels used:    1
 Hardware stack levels required when called:    3
 This function calls:
		Nothing
 This function is called by:
		_temperatureMeasurementC
		_temperatureMeasurementF
		_sprintf
 This function uses a non-reentrant model


 *************** function ___ftsub *****************
 Defined at:
		line 20 in file "C:\Program Files (x86)\Microchip\xc8\v1.43\sources\common\ftsub.c"
 Parameters:    Size  Location     Type
  f1              3    0[BANK0 ] float 
  f2              3    3[BANK0 ] float 
 Auto vars:     Size  Location     Type
		None
 Return value:  Size  Location     Type
                  3    0[BANK0 ] float 
 Registers used:
		wreg, status,2, status,0, cstack
 Tracked objects:
		On entry : 
		On exit  : 
		Unchanged: 
 Data sizes:     COMRAM   BANK0   BANK1   BANK2   BANK3   BANK4   BANK5
      Params:         0       6       0       0       0       0       0
      Locals:         0       0       0       0       0       0       0
      Temps:          0       0       0       0       0       0       0
      Totals:         0       6       0       0       0       0       0
Total ram usage:        6 bytes
 Hardware stack levels used:    1
 Hardware stack levels required when called:    5
 This function calls:
		___ftadd
 This function is called by:
		_sprintf
 This function uses a non-reentrant model


 *************** function ___ftadd *****************
 Defined at:
		line 86 in file "C:\Program Files (x86)\Microchip\xc8\v1.43\sources\common\ftadd.c"
 Parameters:    Size  Location     Type
  f1              3   42[COMRAM] float 
  f2              3   45[COMRAM] float 
 Auto vars:     Size  Location     Type
  exp1            1   53[COMRAM] unsigned char 
  exp2            1   52[COMRAM] unsigned char 
  sign            1   51[COMRAM] unsigned char 
 Return value:  Size  Location     Type
                  3   42[COMRAM] float 
 Registers used:
		wreg, status,2, status,0, cstack
 Tracked objects:
		On entry : 
		On exit  : 
		Unchanged: 
 Data sizes:     COMRAM   BANK0   BANK1   BANK2   BANK3   BANK4   BANK5
      Params:         6       0       0       0       0       0       0
      Locals:         3       0       0       0       0       0       0
      Temps:          3       0       0       0       0       0       0
      Totals:        12       0       0       0       0       0       0
Total ram usage:       12 bytes
 Hardware stack levels used:    1
 Hardware stack levels required when called:    4
 This function calls:
		___ftpack
 This function is called by:
		_temperatureMeasurementC
		_temperatureMeasurementF
		_carbonMeasurement
		_salinityMeasurement
		_sprintf
		___ftsub
 This function uses a non-reentrant model


 *************** function ___ftneg *****************
 Defined at:
		line 15 in file "C:\Program Files (x86)\Microchip\xc8\v1.43\sources\common\ftneg.c"
 Parameters:    Size  Location     Type
  f1              3   22[COMRAM] float 
 Auto vars:     Size  Location     Type
		None
 Return value:  Size  Location     Type
                  3   22[COMRAM] float 
 Registers used:
		wreg, status,2, status,0
 Tracked objects:
		On entry : 
		On exit  : 
		Unchanged: 
 Data sizes:     COMRAM   BANK0   BANK1   BANK2   BANK3   BANK4   BANK5
      Params:         3       0       0       0       0       0       0
      Locals:         0       0       0       0       0       0       0
      Temps:          0       0       0       0       0       0       0
      Totals:         3       0       0       0       0       0       0
Total ram usage:        3 bytes
 Hardware stack levels used:    1
 Hardware stack levels required when called:    3
 This function calls:
		Nothing
 This function is called by:
		_sprintf
 This function uses a non-reentrant model


 *************** function ___ftge *****************
 Defined at:
		line 4 in file "C:\Program Files (x86)\Microchip\xc8\v1.43\sources\common\ftge.c"
 Parameters:    Size  Location     Type
  ff1             3   22[COMRAM] float 
  ff2             3   25[COMRAM] float 
 Auto vars:     Size  Location     Type
		None
 Return value:  Size  Location     Type
		None               void
 Registers used:
		wreg, status,2, status,0
 Tracked objects:
		On entry : 
		On exit  : 
		Unchanged: 
 Data sizes:     COMRAM   BANK0   BANK1   BANK2   BANK3   BANK4   BANK5
      Params:         6       0       0       0       0       0       0
      Locals:         0       0       0       0       0       0       0
      Temps:          3       0       0       0       0       0       0
      Totals:         9       0       0       0       0       0       0
Total ram usage:        9 bytes
 Hardware stack levels used:    1
 Hardware stack levels required when called:    3
 This function calls:
		Nothing
 This function is called by:
		_sprintf
 This function uses a non-reentrant model


 *************** function ___ftdiv *****************
 Defined at:
		line 54 in file "C:\Program Files (x86)\Microchip\xc8\v1.43\sources\common\ftdiv.c"
 Parameters:    Size  Location     Type
  f1              3    0[BANK0 ] float 
  f2              3    3[BANK0 ] float 
 Auto vars:     Size  Location     Type
  f3              3   10[BANK0 ] float 
  sign            1   14[BANK0 ] unsigned char 
  exp             1   13[BANK0 ] unsigned char 
  cntr            1    9[BANK0 ] unsigned char 
 Return value:  Size  Location     Type
                  3    0[BANK0 ] float 
 Registers used:
		wreg, status,2, status,0, cstack
 Tracked objects:
		On entry : 
		On exit  : 
		Unchanged: 
 Data sizes:     COMRAM   BANK0   BANK1   BANK2   BANK3   BANK4   BANK5
      Params:         0       6       0       0       0       0       0
      Locals:         0       6       0       0       0       0       0
      Temps:          0       3       0       0       0       0       0
      Totals:         0      15       0       0       0       0       0
Total ram usage:       15 bytes
 Hardware stack levels used:    1
 Hardware stack levels required when called:    4
 This function calls:
		___ftpack
 This function is called by:
		_temperatureMeasurementC
		_temperatureMeasurementF
		_carbonMeasurement
		_salinityMeasurement
 This function uses a non-reentrant model


 *************** function ___awtoft *****************
 Defined at:
		line 32 in file "C:\Program Files (x86)\Microchip\xc8\v1.43\sources\common\awtoft.c"
 Parameters:    Size  Location     Type
  c               2   30[COMRAM] int 
 Auto vars:     Size  Location     Type
  sign            1   33[COMRAM] unsigned char 
 Return value:  Size  Location     Type
                  3   30[COMRAM] float 
 Registers used:
		wreg, status,2, status,0, cstack
 Tracked objects:
		On entry : 
		On exit  : 
		Unchanged: 
 Data sizes:     COMRAM   BANK0   BANK1   BANK2   BANK3   BANK4   BANK5
      Params:         3       0       0       0       0       0       0
      Locals:         1       0       0       0       0       0       0
      Temps:          0       0       0       0       0       0       0
      Totals:         4       0       0       0       0       0       0
Total ram usage:        4 bytes
 Hardware stack levels used:    1
 Hardware stack levels required when called:    4
 This function calls:
		___ftpack
 This function is called by:
		_temperatureMeasurementC
		_temperatureMeasurementF
		_carbonMeasurement
		_salinityMeasurement
 This function uses a non-reentrant model


 *************** function ___ftpack *****************
 Defined at:
		line 62 in file "C:\Program Files (x86)\Microchip\xc8\v1.43\sources\common\float.c"
 Parameters:    Size  Location     Type
  arg             3   22[COMRAM] unsigned um
  exp             1   25[COMRAM] unsigned char 
  sign            1   26[COMRAM] unsigned char 
 Auto vars:     Size  Location     Type
		None
 Return value:  Size  Location     Type
                  3   22[COMRAM] float 
 Registers used:
		wreg, status,2, status,0
 Tracked objects:
		On entry : 
		On exit  : 
		Unchanged: 
 Data sizes:     COMRAM   BANK0   BANK1   BANK2   BANK3   BANK4   BANK5
      Params:         5       0       0       0       0       0       0
      Locals:         0       0       0       0       0       0       0
      Temps:          3       0       0       0       0       0       0
      Totals:         8       0       0       0       0       0       0
Total ram usage:        8 bytes
 Hardware stack levels used:    1
 Hardware stack levels required when called:    3
 This function calls:
		Nothing
 This function is called by:
		___awtoft
		___ftadd
		___ftdiv
		___ftmul
		___lltoft
 This function uses a non-reentrant model


 *************** function _isr *****************
 Defined at:
		line 224 in file "temp.c"
 Parameters:    Size  Location     Type
		None
 Auto vars:     Size  Location     Type
		None
 Return value:  Size  Location     Type
                  1    wreg      void 
 Registers used:
		wreg, status,2, status,0, cstack
 Tracked objects:
		On entry : 
		On exit  : 
		Unchanged: 
 Data sizes:     COMRAM   BANK0   BANK1   BANK2   BANK3   BANK4   BANK5
      Params:         0       0       0       0       0       0       0
      Locals:         0       0       0       0       0       0       0
      Temps:         18       0       0       0       0       0       0
      Totals:        18       0       0       0       0       0       0
Total ram usage:       18 bytes
 Hardware stack levels used:    1
 Hardware stack levels required when called:    2
 This function calls:
		_read_2bytes
		_write_slave
 This function is called by:
		Interrupt level 2
 This function uses a non-reentrant model


 *************** function _write_slave *****************
 Defined at:
		line 194 in file "temp.c"
 Parameters:    Size  Location     Type
		None
 Auto vars:     Size  Location     Type
  temp            2    2[COMRAM] unsigned int 
 Return value:  Size  Location     Type
                  2    0[COMRAM] unsigned int 
 Registers used:
		None
 Tracked objects:
		On entry : 
		On exit  : 
		Unchanged: 
 Data sizes:     COMRAM   BANK0   BANK1   BANK2   BANK3   BANK4   BANK5
      Params:         2       0       0       0       0       0       0
      Locals:         2       0       0       0       0       0       0
      Temps:          0       0       0       0       0       0       0
      Totals:         4       0       0       0       0       0       0
Total ram usage:        4 bytes
 Hardware stack levels used:    1
 This function calls:
		Nothing
 This function is called by:
		_isr
 This function uses a non-reentrant model


 *************** function _read_2bytes *****************
 Defined at:
		line 215 in file "temp.c"
 Parameters:    Size  Location     Type
  data            2    2[COMRAM] unsigned int 
 Auto vars:     Size  Location     Type
		None
 Return value:  Size  Location     Type
                  1    wreg      void 
 Registers used:
		wreg, status,2, status,0, cstack
 Tracked objects:
		On entry : 
		On exit  : 
		Unchanged: 
 Data sizes:     COMRAM   BANK0   BANK1   BANK2   BANK3   BANK4   BANK5
      Params:         2       0       0       0       0       0       0
      Locals:         0       0       0       0       0       0       0
      Temps:          0       0       0       0       0       0       0
      Totals:         2       0       0       0       0       0       0
Total ram usage:        2 bytes
 Hardware stack levels used:    1
 Hardware stack levels required when called:    1
 This function calls:
		_read_slave
 This function is called by:
		_isr
 This function uses a non-reentrant model


 *************** function _read_slave *****************
 Defined at:
		line 206 in file "temp.c"
 Parameters:    Size  Location     Type
  byte1           2    0[COMRAM] unsigned int 
 Auto vars:     Size  Location     Type
		None
 Return value:  Size  Location     Type
                  1    wreg      void 
 Registers used:
		None
 Tracked objects:
		On entry : 
		On exit  : 
		Unchanged: 
 Data sizes:     COMRAM   BANK0   BANK1   BANK2   BANK3   BANK4   BANK5
      Params:         2       0       0       0       0       0       0
      Locals:         0       0       0       0       0       0       0
      Temps:          0       0       0       0       0       0       0
      Totals:         2       0       0       0       0       0       0
Total ram usage:        2 bytes
 Hardware stack levels used:    1
 This function calls:
		Nothing
 This function is called by:
		_read_2bytes
 This function uses a non-reentrant model



MODULE INFORMATION

Module		Function		Class		Link	Load	Size
C:\Program Files (x86)\Microchip\xc8\v1.43\sources\common\ftmul.c
		___ftmul       		CODE           	2046	0000	351

C:\Program Files (x86)\Microchip\xc8\v1.43\sources\common\ftmul.c estimated size: 351

C:\Program Files (x86)\Microchip\xc8\v1.43\sources\common\fldivl.c
		__div_to_l_    		CODE           	27C0	0000	297

C:\Program Files (x86)\Microchip\xc8\v1.43\sources\common\fldivl.c estimated size: 297

C:\Program Files (x86)\Microchip\xc8\v1.43\sources\common\isdigit.c
		_isdigit       		CODE           	2FF4	0000	31

C:\Program Files (x86)\Microchip\xc8\v1.43\sources\common\isdigit.c estimated size: 31

C:\Program Files (x86)\Microchip\xc8\v1.43\sources\common\ftdiv.c
		___ftdiv       		CODE           	21A4	0000	333

C:\Program Files (x86)\Microchip\xc8\v1.43\sources\common\ftdiv.c estimated size: 333

C:\Program Files (x86)\Microchip\xc8\v1.43\sources\common\ftge.c
		___ftge        		CODE           	2996	0000	145

C:\Program Files (x86)\Microchip\xc8\v1.43\sources\common\ftge.c estimated size: 145

C:\Program Files (x86)\Microchip\xc8\v1.43\sources\common\awdiv.c
		___awdiv       		CODE           	2AAE	0000	133

C:\Program Files (x86)\Microchip\xc8\v1.43\sources\common\awdiv.c estimated size: 133

C:\Program Files (x86)\Microchip\xc8\v1.43\sources\common\strlen.c
		_strlen        		CODE           	2D90	0000	83

C:\Program Files (x86)\Microchip\xc8\v1.43\sources\common\strlen.c estimated size: 83

C:\Program Files (x86)\Microchip\xc8\v1.43\sources\common\awtoft.c
		___awtoft      		CODE           	2EEE	0000	57

C:\Program Files (x86)\Microchip\xc8\v1.43\sources\common\awtoft.c estimated size: 57

C:\Program Files (x86)\Microchip\xc8\v1.43\sources\common\strcpy.c
		_strcpy        		CODE           	2F58	0000	49

C:\Program Files (x86)\Microchip\xc8\v1.43\sources\common\strcpy.c estimated size: 49

C:\Program Files (x86)\Microchip\xc8\v1.43\sources\common\lldiv.c
		___lldiv       		CODE           	2B32	0000	131

C:\Program Files (x86)\Microchip\xc8\v1.43\sources\common\lldiv.c estimated size: 131

C:\Program Files (x86)\Microchip\xc8\v1.43\sources\common\fttol.c
		___fttol       		CODE           	22F0	0000	325

C:\Program Files (x86)\Microchip\xc8\v1.43\sources\common\fttol.c estimated size: 325

C:\Program Files (x86)\Microchip\xc8\v1.43\sources\common\doprnt.c
		_scale         		CODE           	1352	0000	1071
		_sprintf       		CODE           	06FA	0000	3161
		_fround        		CODE           	1780	0000	621

C:\Program Files (x86)\Microchip\xc8\v1.43\sources\common\doprnt.c estimated size: 4853

C:\Program Files (x86)\Microchip\xc8\v1.43\sources\common\lltoft.c
		___lltoft      		CODE           	2C8A	0000	93

C:\Program Files (x86)\Microchip\xc8\v1.43\sources\common\lltoft.c estimated size: 93

C:\Program Files (x86)\Microchip\xc8\v1.43\sources\common\ftadd.c
		___ftadd       		CODE           	19EC	0000	429

C:\Program Files (x86)\Microchip\xc8\v1.43\sources\common\ftadd.c estimated size: 429

shared
		__powers_      		SMALLCONST     	0629	0000	40
		_dpowers       		SMALLCONST     	0601	0000	41
		__npowers_     		SMALLCONST     	0650	0000	40
		__initialization		CODE           	2F26	0000	37

shared estimated size: 158

temp.c
		_temperatureMeasurementC		CODE           	2566	0000	305
		_writeString   		CODE           	2CE6	0000	89
		_temperatureMeasurementF		CODE           	1B98	0000	403
		_read_2bytes   		CODE           	2E7C	0000	59
		_writeChar     		CODE           	2D3E	0000	83
		_main          		CODE           	2696	0000	299
		_chanSel       		CODE           	2EB6	0000	57
		_read_slave    		CODE           	3030	0000	23
		_write_slave   		CODE           	3012	0000	31
		_salinityMeasurement		CODE           	1D2A	0000	399
		_isr           		CODE           	0008	0000	325
		_switchE       		CODE           	2FD2	0000	35
		_writeCMD      		CODE           	2DE2	0000	79
		_initialize    		CODE           	2A26	0000	137
		_carbonMeasurement		CODE           	1EB8	0000	399

temp.c estimated size: 2723

C:\Program Files (x86)\Microchip\xc8\v1.43\sources\common\ftdivl.c
		__tdiv_to_l_   		CODE           	2434	0000	307

C:\Program Files (x86)\Microchip\xc8\v1.43\sources\common\ftdivl.c estimated size: 307

C:\Program Files (x86)\Microchip\xc8\v1.43\sources\common\ftneg.c
		___ftneg       		CODE           	2FAE	0000	37

C:\Program Files (x86)\Microchip\xc8\v1.43\sources\common\ftneg.c estimated size: 37

C:\Program Files (x86)\Microchip\xc8\v1.43\sources\common\Umul16.c
		___wmul        		CODE           	2F88	0000	39

C:\Program Files (x86)\Microchip\xc8\v1.43\sources\common\Umul16.c estimated size: 39

C:\Program Files (x86)\Microchip\xc8\v1.43\sources\common\ftsub.c
		___ftsub       		CODE           	2E30	0000	77

C:\Program Files (x86)\Microchip\xc8\v1.43\sources\common\ftsub.c estimated size: 77

C:\Program Files (x86)\Microchip\xc8\v1.43\sources\common\float.c
		___ftpack      		CODE           	28E8	0000	175

C:\Program Files (x86)\Microchip\xc8\v1.43\sources\common\float.c estimated size: 175

C:\Program Files (x86)\Microchip\xc8\v1.43\sources\common\awmod.c
		___awmod       		CODE           	2BB4	0000	113

C:\Program Files (x86)\Microchip\xc8\v1.43\sources\common\awmod.c estimated size: 113

C:\Program Files (x86)\Microchip\xc8\v1.43\sources\common\llmod.c
		___llmod       		CODE           	2C24	0000	103

C:\Program Files (x86)\Microchip\xc8\v1.43\sources\common\llmod.c estimated size: 103

